2026-06-04 10:07:57.739 | INFO     | src.utils.logger:setup_logger:31 | 日志系统初始化完成
2026-06-04 10:07:57.739 | INFO     | src.main:main:40 | ============================================================
2026-06-04 10:07:57.739 | INFO     | src.main:main:41 | Translator InTime v0.1.0 启动
2026-06-04 10:07:57.739 | INFO     | src.main:main:42 | 实时游戏语音双向翻译系统
2026-06-04 10:07:57.739 | INFO     | src.main:main:43 | ============================================================
2026-06-04 10:07:58.055 | INFO     | src.main:main:67 | GUI 已启动
2026-06-04 10:14:10.710 | INFO     | src.utils.logger:setup_logger:31 | 日志系统初始化完成
2026-06-04 10:14:10.710 | INFO     | src.main:main:40 | ============================================================
2026-06-04 10:14:10.710 | INFO     | src.main:main:41 | Translator InTime v0.1.0 启动
2026-06-04 10:14:10.711 | INFO     | src.main:main:42 | 实时游戏语音双向翻译系统
2026-06-04 10:14:10.711 | INFO     | src.main:main:43 | ============================================================
2026-06-04 10:14:10.899 | INFO     | src.main:main:67 | GUI 已启动
2026-06-04 10:16:40.763 | INFO     | src.utils.logger:setup_logger:31 | 日志系统初始化完成
2026-06-04 10:16:40.763 | INFO     | src.main:main:40 | ============================================================
2026-06-04 10:16:40.763 | INFO     | src.main:main:41 | Translator InTime v0.1.0 启动
2026-06-04 10:16:40.764 | INFO     | src.main:main:42 | 实时游戏语音双向翻译系统
2026-06-04 10:16:40.764 | INFO     | src.main:main:43 | ============================================================
2026-06-04 10:16:40.953 | INFO     | src.main:main:67 | GUI 已启动
2026-06-04 10:19:58.860 | INFO     | src.utils.logger:setup_logger:31 | 日志系统初始化完成
2026-06-04 10:19:58.860 | INFO     | src.main:main:40 | ============================================================
2026-06-04 10:19:58.860 | INFO     | src.main:main:41 | Translator InTime v0.1.0 启动
2026-06-04 10:19:58.860 | INFO     | src.main:main:42 | 实时游戏语音双向翻译系统
2026-06-04 10:19:58.860 | INFO     | src.main:main:43 | ============================================================
2026-06-04 10:19:59.044 | INFO     | src.main:main:67 | GUI 已启动
2026-06-04 10:22:22.845 | INFO     | src.utils.logger:setup_logger:31 | 日志系统初始化完成
2026-06-04 10:22:22.846 | INFO     | src.main:main:40 | ============================================================
2026-06-04 10:22:22.846 | INFO     | src.main:main:41 | Translator InTime v0.1.0 启动
2026-06-04 10:22:22.846 | INFO     | src.main:main:42 | 实时游戏语音双向翻译系统
2026-06-04 10:22:22.846 | INFO     | src.main:main:43 | ============================================================
2026-06-04 10:22:23.029 | INFO     | src.main:main:67 | GUI 已启动
2026-06-04 10:35:00.854 | INFO     | src.utils.logger:setup_logger:31 | 日志系统初始化完成
2026-06-04 10:35:00.854 | INFO     | src.main:main:40 | ============================================================
2026-06-04 10:35:00.854 | INFO     | src.main:main:41 | Translator InTime v0.1.0 启动
2026-06-04 10:35:00.854 | INFO     | src.main:main:42 | 实时游戏语音双向翻译系统
2026-06-04 10:35:00.854 | INFO     | src.main:main:43 | ============================================================
2026-06-04 10:35:01.059 | INFO     | src.main:main:67 | GUI 已启动
2026-06-04 10:44:29.358 | INFO     | src.core.translator:_init_client:89 | 翻译策略: microsoft (降级: google)
2026-06-04 10:44:29.358 | INFO     | src.core.pipeline:initialize:96 | 初始化翻译管道...
2026-06-04 10:44:29.365 | INFO     | src.audio.virtual_device:_linux_create_speaker:60 | 虚拟音频设备 'translator_virtual' 已存在
2026-06-04 10:44:29.365 | INFO     | src.audio.virtual_device:_linux_create_mic_monitor:84 | Monitor 源自动可用: translator_virtual_sink.monitor
2026-06-04 10:44:29.365 | INFO     | src.core.pipeline:initialize:102 | 下载/加载 Whisper 模型（首次需下载 ~140MB）...
2026-06-04 10:44:29.365 | INFO     | src.core.asr_engine:load_model:42 | 加载 Whisper 模型: faster-whisper-medium, device=cpu
2026-06-04 10:44:29.366 | INFO     | src.core.asr_engine:load_model:66 |   尝试本地: /home/fiend/WorkSpace/python/translator_intime/models/systran/faster-whisper-medium (compute=float16)
2026-06-04 10:44:30.152 | INFO     | src.core.asr_engine:load_model:66 |   尝试本地: /home/fiend/WorkSpace/python/translator_intime/models/systran/faster-whisper-medium (compute=int8)
2026-06-04 10:44:32.181 | INFO     | src.core.asr_engine:load_model:71 | Whisper 模型加载成功 ✓
2026-06-04 10:44:32.182 | INFO     | src.core.asr_engine:load_model:42 | 加载 Whisper 模型: faster-whisper-medium, device=cpu
2026-06-04 10:44:32.182 | INFO     | src.core.asr_engine:load_model:66 |   尝试本地: /home/fiend/WorkSpace/python/translator_intime/models/systran/faster-whisper-medium (compute=float16)
2026-06-04 10:44:32.738 | INFO     | src.core.asr_engine:load_model:66 |   尝试本地: /home/fiend/WorkSpace/python/translator_intime/models/systran/faster-whisper-medium (compute=int8)
2026-06-04 10:44:34.383 | INFO     | src.core.asr_engine:load_model:71 | Whisper 模型加载成功 ✓
2026-06-04 10:44:34.383 | INFO     | src.core.pipeline:initialize:117 | TTS输出: 指定设备 ID=6
2026-06-04 10:44:34.383 | INFO     | src.core.pipeline:initialize:121 | 翻译管道初始化完成
2026-06-04 10:44:34.556 | INFO     | src.audio.stream:open_input:186 | 音频输入流已打开 (device=6, sr=16000)
2026-06-04 10:44:34.556 | WARNING  | src.core.pipeline:start:156 | 游戏声音捕获设备打开失败: Error querying device 28
2026-06-04 10:44:34.557 | ERROR    | src.gui.main_window:_on_error:303 | 管道错误: 'TranslationPipeline' object has no attribute '_outbound_loop'
2026-06-04 10:47:47.601 | INFO     | src.utils.logger:setup_logger:31 | 日志系统初始化完成
2026-06-04 10:47:47.601 | INFO     | src.main:main:40 | ============================================================
2026-06-04 10:47:47.601 | INFO     | src.main:main:41 | Translator InTime v0.1.0 启动
2026-06-04 10:47:47.601 | INFO     | src.main:main:42 | 实时游戏语音双向翻译系统
2026-06-04 10:47:47.601 | INFO     | src.main:main:43 | ============================================================
2026-06-04 10:47:47.782 | INFO     | src.main:main:67 | GUI 已启动
2026-06-04 10:47:52.244 | INFO     | src.core.translator:_init_client:89 | 翻译策略: volc (降级: microsoft, google)
2026-06-04 10:47:52.245 | INFO     | src.core.pipeline:initialize:96 | 初始化翻译管道...
2026-06-04 10:47:52.263 | INFO     | src.audio.virtual_device:_linux_create_speaker:60 | 虚拟音频设备 'translator_virtual' 已存在
2026-06-04 10:47:52.263 | INFO     | src.audio.virtual_device:_linux_create_mic_monitor:84 | Monitor 源自动可用: translator_virtual_sink.monitor
2026-06-04 10:47:52.263 | INFO     | src.core.pipeline:initialize:102 | 下载/加载 Whisper 模型（首次需下载 ~140MB）...
2026-06-04 10:47:52.263 | INFO     | src.core.asr_engine:load_model:42 | 加载 Whisper 模型: faster-whisper-medium, device=cpu
2026-06-04 10:47:52.265 | INFO     | src.core.asr_engine:load_model:66 |   尝试本地: /home/fiend/WorkSpace/python/translator_intime/models/systran/faster-whisper-medium (compute=float16)
2026-06-04 10:47:52.992 | INFO     | src.core.asr_engine:load_model:66 |   尝试本地: /home/fiend/WorkSpace/python/translator_intime/models/systran/faster-whisper-medium (compute=int8)
2026-06-04 10:47:54.836 | INFO     | src.core.asr_engine:load_model:71 | Whisper 模型加载成功 ✓
2026-06-04 10:47:54.836 | INFO     | src.core.asr_engine:load_model:42 | 加载 Whisper 模型: faster-whisper-medium, device=cpu
2026-06-04 10:47:54.837 | INFO     | src.core.asr_engine:load_model:66 |   尝试本地: /home/fiend/WorkSpace/python/translator_intime/models/systran/faster-whisper-medium (compute=float16)
2026-06-04 10:47:55.307 | INFO     | src.core.asr_engine:load_model:66 |   尝试本地: /home/fiend/WorkSpace/python/translator_intime/models/systran/faster-whisper-medium (compute=int8)
2026-06-04 10:47:56.765 | INFO     | src.core.asr_engine:load_model:71 | Whisper 模型加载成功 ✓
2026-06-04 10:47:56.765 | INFO     | src.core.pipeline:initialize:117 | TTS输出: 指定设备 ID=6
2026-06-04 10:47:56.765 | INFO     | src.core.pipeline:initialize:121 | 翻译管道初始化完成
2026-06-04 10:47:56.944 | INFO     | src.audio.stream:open_input:186 | 音频输入流已打开 (device=6, sr=16000)
2026-06-04 10:47:56.944 | INFO     | src.core.pipeline:start:160 | 未配置游戏声音捕获设备，仅启用出站翻译（你说→外）
2026-06-04 10:47:56.945 | INFO     | src.core.pipeline:start:167 | ✅ 火山引擎管道已启动（端到端语音翻译）
2026-06-04 10:47:56.945 | INFO     | src.core.pipeline:_volc_outbound_loop:207 | 火山引擎管道启动
2026-06-04 10:47:57.132 | ERROR    | src.core.volc_engine:connect:99 | 火山引擎连接失败: 404, message='Invalid response status', url='wss://openspeech.bytedance.com/api/v1/ast/translate?appid=3210380753&nonce=b1d6cdc4999c422e84a6cfa377923e70&resource_id=volc.service_type.10053&timestamp=1780541276&signature=D2yqnzVLGZIfEpPY2A6av2yOSyC7Y7cD/UFl0WTIMXk='
2026-06-04 10:47:57.132 | ERROR    | src.core.pipeline:_volc_outbound_loop:215 | 火山引擎连接失败，回退本地模式
2026-06-04 10:49:09.132 | INFO     | src.utils.logger:setup_logger:31 | 日志系统初始化完成
2026-06-04 10:49:09.132 | INFO     | src.main:main:40 | ============================================================
2026-06-04 10:49:09.132 | INFO     | src.main:main:41 | Translator InTime v0.1.0 启动
2026-06-04 10:49:09.133 | INFO     | src.main:main:42 | 实时游戏语音双向翻译系统
2026-06-04 10:49:09.133 | INFO     | src.main:main:43 | ============================================================
2026-06-04 10:49:09.367 | INFO     | src.main:main:67 | GUI 已启动
2026-06-04 10:49:12.044 | INFO     | src.core.translator:_init_client:89 | 翻译策略: volc (降级: microsoft, google)
2026-06-04 10:49:12.045 | INFO     | src.core.pipeline:initialize:96 | 初始化翻译管道...
2026-06-04 10:49:12.065 | INFO     | src.audio.virtual_device:_linux_create_speaker:60 | 虚拟音频设备 'translator_virtual' 已存在
2026-06-04 10:49:12.065 | INFO     | src.audio.virtual_device:_linux_create_mic_monitor:84 | Monitor 源自动可用: translator_virtual_sink.monitor
2026-06-04 10:49:12.065 | INFO     | src.core.pipeline:initialize:102 | 下载/加载 Whisper 模型（首次需下载 ~140MB）...
2026-06-04 10:49:12.065 | INFO     | src.core.asr_engine:load_model:42 | 加载 Whisper 模型: faster-whisper-medium, device=cpu
2026-06-04 10:49:12.067 | INFO     | src.core.asr_engine:load_model:66 |   尝试本地: /home/fiend/WorkSpace/python/translator_intime/models/systran/faster-whisper-medium (compute=float16)
2026-06-04 10:49:12.786 | INFO     | src.core.asr_engine:load_model:66 |   尝试本地: /home/fiend/WorkSpace/python/translator_intime/models/systran/faster-whisper-medium (compute=int8)
2026-06-04 10:49:14.608 | INFO     | src.core.asr_engine:load_model:71 | Whisper 模型加载成功 ✓
2026-06-04 10:49:14.608 | INFO     | src.core.asr_engine:load_model:42 | 加载 Whisper 模型: faster-whisper-medium, device=cpu
2026-06-04 10:49:14.627 | INFO     | src.core.asr_engine:load_model:66 |   尝试本地: /home/fiend/WorkSpace/python/translator_intime/models/systran/faster-whisper-medium (compute=float16)
2026-06-04 10:49:15.085 | INFO     | src.core.asr_engine:load_model:66 |   尝试本地: /home/fiend/WorkSpace/python/translator_intime/models/systran/faster-whisper-medium (compute=int8)
2026-06-04 10:49:16.543 | INFO     | src.core.asr_engine:load_model:71 | Whisper 模型加载成功 ✓
2026-06-04 10:49:16.543 | INFO     | src.core.pipeline:initialize:117 | TTS输出: 指定设备 ID=6
2026-06-04 10:49:16.543 | INFO     | src.core.pipeline:initialize:121 | 翻译管道初始化完成
2026-06-04 10:49:16.719 | INFO     | src.audio.stream:open_input:186 | 音频输入流已打开 (device=6, sr=16000)
2026-06-04 10:49:16.720 | INFO     | src.core.pipeline:start:160 | 未配置游戏声音捕获设备，仅启用出站翻译（你说→外）
2026-06-04 10:49:16.720 | INFO     | src.core.pipeline:start:167 | ✅ 火山引擎管道已启动（端到端语音翻译）
2026-06-04 10:49:16.721 | INFO     | src.core.pipeline:_volc_outbound_loop:207 | 火山引擎管道启动
2026-06-04 10:49:16.912 | ERROR    | src.core.volc_engine:connect:77 | 火山引擎连接失败: 403, message='Invalid response status', url='wss://openspeech.bytedance.com/api/v4/ast/v2/translate'
2026-06-04 10:49:16.913 | ERROR    | src.core.pipeline:_volc_outbound_loop:215 | 火山引擎连接失败，回退本地模式
2026-06-04 10:49:16.913 | INFO     | src.core.pipeline:_outbound_loop:268 | 出站管道(中->外) 启动
2026-06-04 10:56:04.842 | INFO     | src.utils.logger:setup_logger:31 | 日志系统初始化完成
2026-06-04 10:56:04.842 | INFO     | src.main:main:40 | ============================================================
2026-06-04 10:56:04.842 | INFO     | src.main:main:41 | Translator InTime v0.1.0 启动
2026-06-04 10:56:04.842 | INFO     | src.main:main:42 | 实时游戏语音双向翻译系统
2026-06-04 10:56:04.842 | INFO     | src.main:main:43 | ============================================================
2026-06-04 10:56:05.035 | INFO     | src.main:main:67 | GUI 已启动
2026-06-04 10:56:07.394 | INFO     | src.core.translator:_init_client:89 | 翻译策略: volc (降级: microsoft, google)
2026-06-04 10:56:07.394 | INFO     | src.core.pipeline:initialize:96 | 初始化翻译管道...
2026-06-04 10:56:07.401 | INFO     | src.audio.virtual_device:_linux_create_speaker:60 | 虚拟音频设备 'translator_virtual' 已存在
2026-06-04 10:56:07.401 | INFO     | src.audio.virtual_device:_linux_create_mic_monitor:84 | Monitor 源自动可用: translator_virtual_sink.monitor
2026-06-04 10:56:07.401 | INFO     | src.core.pipeline:initialize:102 | 下载/加载 Whisper 模型（首次需下载 ~140MB）...
2026-06-04 10:56:07.401 | INFO     | src.core.asr_engine:load_model:42 | 加载 Whisper 模型: faster-whisper-medium, device=cpu
2026-06-04 10:56:07.402 | INFO     | src.core.asr_engine:load_model:66 |   尝试本地: /home/fiend/WorkSpace/python/translator_intime/models/systran/faster-whisper-medium (compute=float16)
2026-06-04 10:56:08.114 | INFO     | src.core.asr_engine:load_model:66 |   尝试本地: /home/fiend/WorkSpace/python/translator_intime/models/systran/faster-whisper-medium (compute=int8)
2026-06-04 10:56:10.008 | INFO     | src.core.asr_engine:load_model:71 | Whisper 模型加载成功 ✓
2026-06-04 10:56:10.008 | INFO     | src.core.asr_engine:load_model:42 | 加载 Whisper 模型: faster-whisper-medium, device=cpu
2026-06-04 10:56:10.009 | INFO     | src.core.asr_engine:load_model:66 |   尝试本地: /home/fiend/WorkSpace/python/translator_intime/models/systran/faster-whisper-medium (compute=float16)
2026-06-04 10:56:10.514 | INFO     | src.core.asr_engine:load_model:66 |   尝试本地: /home/fiend/WorkSpace/python/translator_intime/models/systran/faster-whisper-medium (compute=int8)
2026-06-04 10:56:12.010 | INFO     | src.core.asr_engine:load_model:71 | Whisper 模型加载成功 ✓
2026-06-04 10:56:12.010 | INFO     | src.core.pipeline:initialize:117 | TTS输出: 指定设备 ID=6
2026-06-04 10:56:12.010 | INFO     | src.core.pipeline:initialize:121 | 翻译管道初始化完成
2026-06-04 10:56:12.181 | INFO     | src.audio.stream:open_input:186 | 音频输入流已打开 (device=6, sr=16000)
2026-06-04 10:56:12.182 | INFO     | src.core.pipeline:start:160 | 未配置游戏声音捕获设备，仅启用出站翻译（你说→外）
2026-06-04 10:56:12.182 | INFO     | src.core.pipeline:start:167 | ✅ 火山引擎管道已启动（端到端语音翻译）
2026-06-04 10:56:12.182 | INFO     | src.core.pipeline:_volc_outbound_loop:207 | 火山引擎管道启动
2026-06-04 10:56:12.395 | ERROR    | src.core.volc_engine:connect:156 | 火山引擎连接失败: 401, message='Invalid response status', url='wss://openspeech.bytedance.com/api/v4/ast/v2/translate'
2026-06-04 10:56:12.396 | ERROR    | src.core.pipeline:_volc_outbound_loop:215 | 火山引擎连接失败，回退本地模式
2026-06-04 10:56:12.396 | INFO     | src.core.pipeline:_outbound_loop:268 | 出站管道(中->外) 启动
2026-06-04 10:56:41.573 | INFO     | src.core.translator:_init_client:89 | 翻译策略: volc (降级: microsoft, google)
2026-06-04 10:56:41.574 | INFO     | src.core.pipeline:initialize:96 | 初始化翻译管道...
2026-06-04 10:56:41.597 | INFO     | src.audio.virtual_device:_linux_create_speaker:60 | 虚拟音频设备 'translator_virtual' 已存在
2026-06-04 10:56:41.597 | INFO     | src.audio.virtual_device:_linux_create_mic_monitor:84 | Monitor 源自动可用: translator_virtual_sink.monitor
2026-06-04 10:56:41.597 | INFO     | src.core.pipeline:initialize:102 | 下载/加载 Whisper 模型（首次需下载 ~140MB）...
2026-06-04 10:56:41.597 | INFO     | src.core.asr_engine:load_model:42 | 加载 Whisper 模型: faster-whisper-medium, device=cpu
2026-06-04 10:56:41.598 | INFO     | src.core.asr_engine:load_model:66 |   尝试本地: /home/fiend/WorkSpace/python/translator_intime/models/systran/faster-whisper-medium (compute=float16)
2026-06-04 10:56:42.319 | INFO     | src.core.asr_engine:load_model:66 |   尝试本地: /home/fiend/WorkSpace/python/translator_intime/models/systran/faster-whisper-medium (compute=int8)
2026-06-04 10:56:44.743 | INFO     | src.core.asr_engine:load_model:71 | Whisper 模型加载成功 ✓
2026-06-04 10:56:44.744 | INFO     | src.core.asr_engine:load_model:42 | 加载 Whisper 模型: faster-whisper-medium, device=cpu
2026-06-04 10:56:44.744 | INFO     | src.core.asr_engine:load_model:66 |   尝试本地: /home/fiend/WorkSpace/python/translator_intime/models/systran/faster-whisper-medium (compute=float16)
2026-06-04 10:56:45.318 | INFO     | src.core.asr_engine:load_model:66 |   尝试本地: /home/fiend/WorkSpace/python/translator_intime/models/systran/faster-whisper-medium (compute=int8)
2026-06-04 10:56:47.088 | INFO     | src.core.asr_engine:load_model:71 | Whisper 模型加载成功 ✓
2026-06-04 10:56:47.088 | INFO     | src.core.pipeline:initialize:117 | TTS输出: 指定设备 ID=6
2026-06-04 10:56:47.088 | INFO     | src.core.pipeline:initialize:121 | 翻译管道初始化完成
2026-06-04 10:56:47.090 | INFO     | src.audio.stream:open_input:186 | 音频输入流已打开 (device=6, sr=16000)
2026-06-04 10:56:47.090 | INFO     | src.core.pipeline:start:160 | 未配置游戏声音捕获设备，仅启用出站翻译（你说→外）
2026-06-04 10:56:47.090 | INFO     | src.core.pipeline:start:167 | ✅ 火山引擎管道已启动（端到端语音翻译）
2026-06-04 10:56:47.090 | INFO     | src.core.pipeline:_volc_outbound_loop:207 | 火山引擎管道启动
2026-06-04 10:56:47.258 | ERROR    | src.core.volc_engine:connect:156 | 火山引擎连接失败: 401, message='Invalid response status', url='wss://openspeech.bytedance.com/api/v4/ast/v2/translate'
2026-06-04 10:56:47.260 | ERROR    | src.core.pipeline:_volc_outbound_loop:215 | 火山引擎连接失败，回退本地模式
2026-06-04 10:56:47.260 | INFO     | src.core.pipeline:_outbound_loop:268 | 出站管道(中->外) 启动
2026-06-04 11:00:53.817 | INFO     | src.utils.logger:setup_logger:31 | 日志系统初始化完成
2026-06-04 11:00:53.818 | INFO     | src.main:main:40 | ============================================================
2026-06-04 11:00:53.818 | INFO     | src.main:main:41 | Translator InTime v0.1.0 启动
2026-06-04 11:00:53.818 | INFO     | src.main:main:42 | 实时游戏语音双向翻译系统
2026-06-04 11:00:53.818 | INFO     | src.main:main:43 | ============================================================
2026-06-04 11:00:54.008 | INFO     | src.main:main:67 | GUI 已启动
2026-06-04 11:00:56.194 | INFO     | src.core.translator:_init_client:89 | 翻译策略: volc (降级: microsoft, google)
2026-06-04 11:00:56.195 | INFO     | src.core.pipeline:initialize:96 | 初始化翻译管道...
2026-06-04 11:00:56.203 | INFO     | src.audio.virtual_device:_linux_create_speaker:60 | 虚拟音频设备 'translator_virtual' 已存在
2026-06-04 11:00:56.203 | INFO     | src.audio.virtual_device:_linux_create_mic_monitor:84 | Monitor 源自动可用: translator_virtual_sink.monitor
2026-06-04 11:00:56.203 | INFO     | src.core.pipeline:initialize:102 | 下载/加载 Whisper 模型（首次需下载 ~140MB）...
2026-06-04 11:00:56.203 | INFO     | src.core.asr_engine:load_model:42 | 加载 Whisper 模型: faster-whisper-medium, device=cpu
2026-06-04 11:00:56.204 | INFO     | src.core.asr_engine:load_model:66 |   尝试本地: /home/fiend/WorkSpace/python/translator_intime/models/systran/faster-whisper-medium (compute=float16)
2026-06-04 11:00:57.006 | INFO     | src.core.asr_engine:load_model:66 |   尝试本地: /home/fiend/WorkSpace/python/translator_intime/models/systran/faster-whisper-medium (compute=int8)
2026-06-04 11:00:58.893 | INFO     | src.core.asr_engine:load_model:71 | Whisper 模型加载成功 ✓
2026-06-04 11:00:58.893 | INFO     | src.core.asr_engine:load_model:42 | 加载 Whisper 模型: faster-whisper-medium, device=cpu
2026-06-04 11:00:58.899 | INFO     | src.core.asr_engine:load_model:66 |   尝试本地: /home/fiend/WorkSpace/python/translator_intime/models/systran/faster-whisper-medium (compute=float16)
2026-06-04 11:00:59.402 | INFO     | src.core.asr_engine:load_model:66 |   尝试本地: /home/fiend/WorkSpace/python/translator_intime/models/systran/faster-whisper-medium (compute=int8)
2026-06-04 11:01:00.948 | INFO     | src.core.asr_engine:load_model:71 | Whisper 模型加载成功 ✓
2026-06-04 11:01:00.948 | INFO     | src.core.pipeline:initialize:117 | TTS输出: 指定设备 ID=6
2026-06-04 11:01:00.948 | INFO     | src.core.pipeline:initialize:121 | 翻译管道初始化完成
2026-06-04 11:01:01.128 | INFO     | src.audio.stream:open_input:186 | 音频输入流已打开 (device=6, sr=16000)
2026-06-04 11:01:01.129 | INFO     | src.core.pipeline:start:160 | 未配置游戏声音捕获设备，仅启用出站翻译（你说→外）
2026-06-04 11:01:01.130 | INFO     | src.core.pipeline:start:167 | ✅ 火山引擎管道已启动（端到端语音翻译）
2026-06-04 11:01:01.130 | INFO     | src.core.pipeline:_volc_outbound_loop:207 | 火山引擎管道启动
2026-06-04 11:01:01.362 | ERROR    | src.core.volc_engine:connect:155 | 火山引擎连接失败: 401, message='Invalid response status', url='wss://openspeech.bytedance.com/api/v4/ast/v2/translate'
2026-06-04 11:01:01.362 | ERROR    | src.core.pipeline:_volc_outbound_loop:215 | 火山引擎连接失败，回退本地模式
2026-06-04 11:01:01.362 | INFO     | src.core.pipeline:_outbound_loop:268 | 出站管道(中->外) 启动
2026-06-04 11:04:59.355 | INFO     | src.utils.logger:setup_logger:31 | 日志系统初始化完成
2026-06-04 11:04:59.355 | INFO     | src.main:main:40 | ============================================================
2026-06-04 11:04:59.355 | INFO     | src.main:main:41 | Translator InTime v0.1.0 启动
2026-06-04 11:04:59.355 | INFO     | src.main:main:42 | 实时游戏语音双向翻译系统
2026-06-04 11:04:59.355 | INFO     | src.main:main:43 | ============================================================
2026-06-04 11:04:59.557 | INFO     | src.main:main:67 | GUI 已启动
2026-06-04 11:05:01.565 | INFO     | src.core.translator:_init_client:89 | 翻译策略: volc (降级: microsoft, google)
2026-06-04 11:05:01.566 | INFO     | src.core.pipeline:initialize:96 | 初始化翻译管道...
2026-06-04 11:05:01.573 | INFO     | src.audio.virtual_device:_linux_create_speaker:60 | 虚拟音频设备 'translator_virtual' 已存在
2026-06-04 11:05:01.573 | INFO     | src.audio.virtual_device:_linux_create_mic_monitor:84 | Monitor 源自动可用: translator_virtual_sink.monitor
2026-06-04 11:05:01.573 | INFO     | src.core.pipeline:initialize:102 | 下载/加载 Whisper 模型（首次需下载 ~140MB）...
2026-06-04 11:05:01.574 | INFO     | src.core.asr_engine:load_model:42 | 加载 Whisper 模型: faster-whisper-medium, device=cpu
2026-06-04 11:05:01.574 | INFO     | src.core.asr_engine:load_model:66 |   尝试本地: /home/fiend/WorkSpace/python/translator_intime/models/systran/faster-whisper-medium (compute=float16)
2026-06-04 11:05:02.293 | INFO     | src.core.asr_engine:load_model:66 |   尝试本地: /home/fiend/WorkSpace/python/translator_intime/models/systran/faster-whisper-medium (compute=int8)
2026-06-04 11:05:04.206 | INFO     | src.core.asr_engine:load_model:71 | Whisper 模型加载成功 ✓
2026-06-04 11:05:04.206 | INFO     | src.core.asr_engine:load_model:42 | 加载 Whisper 模型: faster-whisper-medium, device=cpu
2026-06-04 11:05:04.207 | INFO     | src.core.asr_engine:load_model:66 |   尝试本地: /home/fiend/WorkSpace/python/translator_intime/models/systran/faster-whisper-medium (compute=float16)
2026-06-04 11:05:04.711 | INFO     | src.core.asr_engine:load_model:66 |   尝试本地: /home/fiend/WorkSpace/python/translator_intime/models/systran/faster-whisper-medium (compute=int8)
2026-06-04 11:05:06.235 | INFO     | src.core.asr_engine:load_model:71 | Whisper 模型加载成功 ✓
2026-06-04 11:05:06.236 | INFO     | src.core.pipeline:initialize:117 | TTS输出: 指定设备 ID=6
2026-06-04 11:05:06.236 | INFO     | src.core.pipeline:initialize:121 | 翻译管道初始化完成
2026-06-04 11:05:06.405 | INFO     | src.audio.stream:open_input:186 | 音频输入流已打开 (device=6, sr=16000)
2026-06-04 11:05:06.406 | INFO     | src.core.pipeline:start:160 | 未配置游戏声音捕获设备，仅启用出站翻译（你说→外）
2026-06-04 11:05:06.407 | INFO     | src.core.pipeline:start:167 | ✅ 火山引擎管道已启动（端到端语音翻译）
2026-06-04 11:05:06.407 | INFO     | src.core.pipeline:_volc_outbound_loop:207 | 火山引擎管道启动
2026-06-04 11:05:06.408 | INFO     | src.core.volc_engine:_build_headers:82 | 火山引擎鉴权模式: 旧版 App ID + Access Token
2026-06-04 11:05:06.673 | ERROR    | src.core.volc_engine:connect:166 | 火山引擎连接失败: 403, message='Invalid response status', url='wss://openspeech.bytedance.com/api/v4/ast/v2/translate'
2026-06-04 11:05:06.674 | ERROR    | src.core.pipeline:_volc_outbound_loop:215 | 火山引擎连接失败，回退本地模式
2026-06-04 11:05:06.675 | INFO     | src.core.pipeline:_outbound_loop:268 | 出站管道(中->外) 启动
2026-06-04 11:10:20.224 | INFO     | src.core.translator:_init_client:89 | 翻译策略: volc (降级: microsoft, google)
2026-06-04 11:10:20.225 | INFO     | src.core.pipeline:initialize:96 | 初始化翻译管道...
2026-06-04 11:10:20.237 | INFO     | src.audio.virtual_device:_linux_create_speaker:60 | 虚拟音频设备 'translator_virtual' 已存在
2026-06-04 11:10:20.237 | INFO     | src.audio.virtual_device:_linux_create_mic_monitor:84 | Monitor 源自动可用: translator_virtual_sink.monitor
2026-06-04 11:10:20.238 | INFO     | src.core.pipeline:initialize:102 | 下载/加载 Whisper 模型（首次需下载 ~140MB）...
2026-06-04 11:10:20.238 | INFO     | src.core.asr_engine:load_model:42 | 加载 Whisper 模型: faster-whisper-medium, device=cpu
2026-06-04 11:10:20.238 | INFO     | src.core.asr_engine:load_model:66 |   尝试本地: /home/fiend/WorkSpace/python/translator_intime/models/systran/faster-whisper-medium (compute=float16)
2026-06-04 11:10:21.188 | INFO     | src.core.asr_engine:load_model:66 |   尝试本地: /home/fiend/WorkSpace/python/translator_intime/models/systran/faster-whisper-medium (compute=int8)
2026-06-04 11:10:23.654 | INFO     | src.core.asr_engine:load_model:71 | Whisper 模型加载成功 ✓
2026-06-04 11:10:23.655 | INFO     | src.core.asr_engine:load_model:42 | 加载 Whisper 模型: faster-whisper-medium, device=cpu
2026-06-04 11:10:23.655 | INFO     | src.core.asr_engine:load_model:66 |   尝试本地: /home/fiend/WorkSpace/python/translator_intime/models/systran/faster-whisper-medium (compute=float16)
2026-06-04 11:10:24.457 | INFO     | src.core.asr_engine:load_model:66 |   尝试本地: /home/fiend/WorkSpace/python/translator_intime/models/systran/faster-whisper-medium (compute=int8)
2026-06-04 11:10:27.775 | INFO     | src.core.asr_engine:load_model:71 | Whisper 模型加载成功 ✓
2026-06-04 11:10:27.775 | INFO     | src.core.pipeline:initialize:117 | TTS输出: 指定设备 ID=6
2026-06-04 11:10:27.775 | INFO     | src.core.pipeline:initialize:121 | 翻译管道初始化完成
2026-06-04 11:10:27.778 | INFO     | src.audio.stream:open_input:186 | 音频输入流已打开 (device=6, sr=16000)
2026-06-04 11:10:27.778 | INFO     | src.core.pipeline:start:160 | 未配置游戏声音捕获设备，仅启用出站翻译（你说→外）
2026-06-04 11:10:27.778 | INFO     | src.core.pipeline:start:167 | ✅ 火山引擎管道已启动（端到端语音翻译）
2026-06-04 11:10:27.778 | INFO     | src.core.pipeline:_volc_outbound_loop:207 | 火山引擎管道启动
2026-06-04 11:10:27.779 | INFO     | src.core.volc_engine:_build_headers:82 | 火山引擎鉴权模式: 旧版 App ID + Access Token
2026-06-04 11:10:27.944 | ERROR    | src.core.volc_engine:connect:166 | 火山引擎连接失败: 403, message='Invalid response status', url='wss://openspeech.bytedance.com/api/v4/ast/v2/translate'
2026-06-04 11:10:27.944 | ERROR    | src.core.pipeline:_volc_outbound_loop:215 | 火山引擎连接失败，回退本地模式
2026-06-04 11:10:27.944 | INFO     | src.core.pipeline:_outbound_loop:268 | 出站管道(中->外) 启动
2026-06-04 11:13:12.202 | INFO     | src.core.translator:_init_client:89 | 翻译策略: volc (降级: microsoft, google)
2026-06-04 11:13:12.204 | INFO     | src.core.pipeline:initialize:96 | 初始化翻译管道...
2026-06-04 11:13:12.212 | INFO     | src.audio.virtual_device:_linux_create_speaker:60 | 虚拟音频设备 'translator_virtual' 已存在
2026-06-04 11:13:12.212 | INFO     | src.audio.virtual_device:_linux_create_mic_monitor:84 | Monitor 源自动可用: translator_virtual_sink.monitor
2026-06-04 11:13:12.213 | INFO     | src.core.pipeline:initialize:102 | 下载/加载 Whisper 模型（首次需下载 ~140MB）...
2026-06-04 11:13:12.213 | INFO     | src.core.asr_engine:load_model:42 | 加载 Whisper 模型: faster-whisper-medium, device=cpu
2026-06-04 11:13:12.213 | INFO     | src.core.asr_engine:load_model:66 |   尝试本地: /home/fiend/WorkSpace/python/translator_intime/models/systran/faster-whisper-medium (compute=float16)
2026-06-04 11:13:12.940 | INFO     | src.core.asr_engine:load_model:66 |   尝试本地: /home/fiend/WorkSpace/python/translator_intime/models/systran/faster-whisper-medium (compute=int8)
2026-06-04 11:13:14.623 | INFO     | src.core.asr_engine:load_model:71 | Whisper 模型加载成功 ✓
2026-06-04 11:13:14.624 | INFO     | src.core.asr_engine:load_model:42 | 加载 Whisper 模型: faster-whisper-medium, device=cpu
2026-06-04 11:13:14.624 | INFO     | src.core.asr_engine:load_model:66 |   尝试本地: /home/fiend/WorkSpace/python/translator_intime/models/systran/faster-whisper-medium (compute=float16)
2026-06-04 11:13:15.112 | INFO     | src.core.asr_engine:load_model:66 |   尝试本地: /home/fiend/WorkSpace/python/translator_intime/models/systran/faster-whisper-medium (compute=int8)
2026-06-04 11:13:16.828 | INFO     | src.core.asr_engine:load_model:71 | Whisper 模型加载成功 ✓
2026-06-04 11:13:16.828 | INFO     | src.core.pipeline:initialize:117 | TTS输出: 指定设备 ID=6
2026-06-04 11:13:16.829 | INFO     | src.core.pipeline:initialize:121 | 翻译管道初始化完成
2026-06-04 11:13:16.830 | INFO     | src.audio.stream:open_input:186 | 音频输入流已打开 (device=6, sr=16000)
2026-06-04 11:13:16.830 | INFO     | src.core.pipeline:start:160 | 未配置游戏声音捕获设备，仅启用出站翻译（你说→外）
2026-06-04 11:13:16.830 | INFO     | src.core.pipeline:start:167 | ✅ 火山引擎管道已启动（端到端语音翻译）
2026-06-04 11:13:16.830 | INFO     | src.core.pipeline:_volc_outbound_loop:207 | 火山引擎管道启动
2026-06-04 11:13:16.831 | INFO     | src.core.volc_engine:_build_headers:82 | 火山引擎鉴权模式: 旧版 App ID + Access Token
2026-06-04 11:13:17.022 | ERROR    | src.core.volc_engine:connect:166 | 火山引擎连接失败: 'ClientWebSocketResponse' object has no attribute 'headers'
2026-06-04 11:13:17.022 | ERROR    | src.core.pipeline:_volc_outbound_loop:215 | 火山引擎连接失败，回退本地模式
2026-06-04 11:13:17.022 | INFO     | src.core.pipeline:_outbound_loop:268 | 出站管道(中->外) 启动
2026-06-04 11:14:16.021 | INFO     | src.utils.logger:setup_logger:31 | 日志系统初始化完成
2026-06-04 11:14:16.022 | INFO     | src.main:main:40 | ============================================================
2026-06-04 11:14:16.022 | INFO     | src.main:main:41 | Translator InTime v0.1.0 启动
2026-06-04 11:14:16.022 | INFO     | src.main:main:42 | 实时游戏语音双向翻译系统
2026-06-04 11:14:16.022 | INFO     | src.main:main:43 | ============================================================
2026-06-04 11:14:16.392 | INFO     | src.main:main:67 | GUI 已启动
2026-06-04 11:14:21.072 | INFO     | src.core.translator:_init_client:89 | 翻译策略: microsoft (降级: google)
2026-06-04 11:14:21.072 | INFO     | src.core.pipeline:initialize:96 | 初始化翻译管道...
2026-06-04 11:14:21.080 | INFO     | src.audio.virtual_device:_linux_create_speaker:60 | 虚拟音频设备 'translator_virtual' 已存在
2026-06-04 11:14:21.080 | INFO     | src.audio.virtual_device:_linux_create_mic_monitor:84 | Monitor 源自动可用: translator_virtual_sink.monitor
2026-06-04 11:14:21.081 | INFO     | src.core.pipeline:initialize:102 | 下载/加载 Whisper 模型（首次需下载 ~140MB）...
2026-06-04 11:14:21.081 | INFO     | src.core.asr_engine:load_model:42 | 加载 Whisper 模型: faster-whisper-medium, device=cpu
2026-06-04 11:14:21.081 | INFO     | src.core.asr_engine:load_model:66 |   尝试本地: /home/fiend/WorkSpace/python/translator_intime/models/systran/faster-whisper-medium (compute=float16)
2026-06-04 11:14:21.983 | INFO     | src.core.asr_engine:load_model:66 |   尝试本地: /home/fiend/WorkSpace/python/translator_intime/models/systran/faster-whisper-medium (compute=int8)
2026-06-04 11:14:24.583 | INFO     | src.core.asr_engine:load_model:71 | Whisper 模型加载成功 ✓
2026-06-04 11:14:24.584 | INFO     | src.core.asr_engine:load_model:42 | 加载 Whisper 模型: faster-whisper-medium, device=cpu
2026-06-04 11:14:24.584 | INFO     | src.core.asr_engine:load_model:66 |   尝试本地: /home/fiend/WorkSpace/python/translator_intime/models/systran/faster-whisper-medium (compute=float16)
2026-06-04 11:14:25.121 | INFO     | src.core.asr_engine:load_model:66 |   尝试本地: /home/fiend/WorkSpace/python/translator_intime/models/systran/faster-whisper-medium (compute=int8)
2026-06-04 11:14:27.229 | INFO     | src.core.asr_engine:load_model:71 | Whisper 模型加载成功 ✓
2026-06-04 11:14:27.229 | INFO     | src.core.pipeline:initialize:117 | TTS输出: 指定设备 ID=6
2026-06-04 11:14:27.229 | INFO     | src.core.pipeline:initialize:121 | 翻译管道初始化完成
2026-06-04 11:14:27.402 | INFO     | src.audio.stream:open_input:186 | 音频输入流已打开 (device=6, sr=16000)
2026-06-04 11:14:27.402 | INFO     | src.core.pipeline:start:160 | 未配置游戏声音捕获设备，仅启用出站翻译（你说→外）
2026-06-04 11:14:27.402 | INFO     | src.core.pipeline:start:178 | ✅ 出站翻译管道已启动（你说→外语）
2026-06-04 11:14:27.402 | INFO     | src.core.pipeline:_outbound_loop:268 | 出站管道(中->外) 启动
2026-06-04 11:15:42.965 | INFO     | src.utils.logger:setup_logger:31 | 日志系统初始化完成
2026-06-04 11:15:42.965 | INFO     | src.main:main:40 | ============================================================
2026-06-04 11:15:42.965 | INFO     | src.main:main:41 | Translator InTime v0.1.0 启动
2026-06-04 11:15:42.965 | INFO     | src.main:main:42 | 实时游戏语音双向翻译系统
2026-06-04 11:15:42.965 | INFO     | src.main:main:43 | ============================================================
2026-06-04 11:15:43.227 | INFO     | src.main:main:67 | GUI 已启动
2026-06-04 11:16:36.241 | INFO     | src.utils.logger:setup_logger:31 | 日志系统初始化完成
2026-06-04 11:16:36.241 | INFO     | src.main:main:40 | ============================================================
2026-06-04 11:16:36.242 | INFO     | src.main:main:41 | Translator InTime v0.1.0 启动
2026-06-04 11:16:36.242 | INFO     | src.main:main:42 | 实时游戏语音双向翻译系统
2026-06-04 11:16:36.242 | INFO     | src.main:main:43 | ============================================================
2026-06-04 11:16:36.548 | INFO     | src.main:main:67 | GUI 已启动
2026-06-04 11:16:53.281 | INFO     | src.core.translator:_init_client:89 | 翻译策略: microsoft (降级: google)
2026-06-04 11:16:53.281 | INFO     | src.core.pipeline:initialize:96 | 初始化翻译管道...
2026-06-04 11:16:53.292 | INFO     | src.audio.virtual_device:_linux_create_speaker:60 | 虚拟音频设备 'translator_virtual' 已存在
2026-06-04 11:16:53.292 | INFO     | src.audio.virtual_device:_linux_create_mic_monitor:84 | Monitor 源自动可用: translator_virtual_sink.monitor
2026-06-04 11:16:53.292 | INFO     | src.core.pipeline:initialize:102 | 下载/加载 Whisper 模型（首次需下载 ~140MB）...
2026-06-04 11:16:53.292 | INFO     | src.core.asr_engine:load_model:42 | 加载 Whisper 模型: faster-whisper-small, device=cpu
2026-06-04 11:16:53.293 | INFO     | src.core.asr_engine:load_model:66 |   尝试本地: /home/fiend/WorkSpace/python/translator_intime/models/systran/faster-whisper-small (compute=int8)
2026-06-04 11:16:54.852 | INFO     | src.core.asr_engine:load_model:71 | Whisper 模型加载成功 ✓
2026-06-04 11:16:54.852 | INFO     | src.core.asr_engine:load_model:42 | 加载 Whisper 模型: faster-whisper-small, device=cpu
2026-06-04 11:16:54.853 | INFO     | src.core.asr_engine:load_model:66 |   尝试本地: /home/fiend/WorkSpace/python/translator_intime/models/systran/faster-whisper-small (compute=int8)
2026-06-04 11:16:56.087 | INFO     | src.core.asr_engine:load_model:71 | Whisper 模型加载成功 ✓
2026-06-04 11:16:56.087 | INFO     | src.core.pipeline:initialize:119 | TTS输出: 系统默认扬声器
2026-06-04 11:16:56.087 | INFO     | src.core.pipeline:initialize:121 | 翻译管道初始化完成
2026-06-04 11:16:56.113 | INFO     | src.audio.stream:open_input:186 | 音频输入流已打开 (device=None, sr=16000)
2026-06-04 11:16:56.114 | WARNING  | src.core.pipeline:start:156 | 游戏声音捕获设备打开失败: No input device matching 'translator_virtual_sink.monitor'
2026-06-04 11:16:56.114 | INFO     | src.core.pipeline:start:178 | ✅ 出站翻译管道已启动（你说→外语）
2026-06-04 11:16:56.114 | INFO     | src.core.pipeline:_outbound_loop:268 | 出站管道(中->外) 启动
2026-06-04 11:18:08.855 | INFO     | src.utils.logger:setup_logger:31 | 日志系统初始化完成
2026-06-04 11:18:08.855 | INFO     | src.main:main:40 | ============================================================
2026-06-04 11:18:08.855 | INFO     | src.main:main:41 | Translator InTime v0.1.0 启动
2026-06-04 11:18:08.855 | INFO     | src.main:main:42 | 实时游戏语音双向翻译系统
2026-06-04 11:18:08.855 | INFO     | src.main:main:43 | ============================================================
2026-06-04 11:18:09.051 | INFO     | src.main:main:67 | GUI 已启动
2026-06-04 11:18:10.440 | INFO     | src.core.translator:_init_client:89 | 翻译策略: microsoft (降级: google)
2026-06-04 11:18:10.440 | INFO     | src.core.pipeline:initialize:96 | 初始化翻译管道...
2026-06-04 11:18:10.447 | INFO     | src.audio.virtual_device:_linux_create_speaker:60 | 虚拟音频设备 'translator_virtual' 已存在
2026-06-04 11:18:10.447 | INFO     | src.audio.virtual_device:_linux_create_mic_monitor:84 | Monitor 源自动可用: translator_virtual_sink.monitor
2026-06-04 11:18:10.447 | INFO     | src.core.pipeline:initialize:102 | 下载/加载 Whisper 模型（首次需下载 ~140MB）...
2026-06-04 11:18:10.448 | INFO     | src.core.asr_engine:load_model:42 | 加载 Whisper 模型: faster-whisper-small, device=cpu
2026-06-04 11:18:10.448 | INFO     | src.core.asr_engine:load_model:66 |   尝试本地: /home/fiend/WorkSpace/python/translator_intime/models/systran/faster-whisper-small (compute=int8)
2026-06-04 11:18:11.330 | INFO     | src.core.asr_engine:load_model:71 | Whisper 模型加载成功 ✓
2026-06-04 11:18:11.331 | INFO     | src.core.asr_engine:load_model:42 | 加载 Whisper 模型: faster-whisper-small, device=cpu
2026-06-04 11:18:11.331 | INFO     | src.core.asr_engine:load_model:66 |   尝试本地: /home/fiend/WorkSpace/python/translator_intime/models/systran/faster-whisper-small (compute=int8)
2026-06-04 11:18:12.095 | INFO     | src.core.asr_engine:load_model:71 | Whisper 模型加载成功 ✓
2026-06-04 11:18:12.095 | INFO     | src.core.pipeline:initialize:119 | TTS输出: 系统默认扬声器
2026-06-04 11:18:12.095 | INFO     | src.core.pipeline:initialize:121 | 翻译管道初始化完成
2026-06-04 11:18:12.109 | INFO     | src.audio.stream:open_input:186 | 音频输入流已打开 (device=None, sr=16000)
2026-06-04 11:18:12.109 | INFO     | src.audio.stream:open_input:173 | 音频输入: PulseAudio 设备 translator_virtual_sink.monitor
2026-06-04 11:18:12.125 | INFO     | src.audio.stream:open_input:186 | 音频输入流已打开 (device=translator_virtual_sink.monitor, sr=16000)
2026-06-04 11:18:12.125 | INFO     | src.core.pipeline:start:154 | 游戏声音捕获已开启
2026-06-04 11:18:12.125 | INFO     | src.core.pipeline:start:176 | ✅ 双向翻译管道已启动（出站 + 入站）
2026-06-04 11:18:12.125 | INFO     | src.core.pipeline:_outbound_loop:268 | 出站管道(中->外) 启动
2026-06-04 11:18:12.200 | INFO     | src.core.pipeline:_inbound_loop:352 | 入站管道(外->中) 启动
2026-06-04 11:20:01.889 | INFO     | src.utils.logger:setup_logger:31 | 日志系统初始化完成
2026-06-04 11:20:01.890 | INFO     | src.main:main:40 | ============================================================
2026-06-04 11:20:01.890 | INFO     | src.main:main:41 | Translator InTime v0.1.0 启动
2026-06-04 11:20:01.890 | INFO     | src.main:main:42 | 实时游戏语音双向翻译系统
2026-06-04 11:20:01.890 | INFO     | src.main:main:43 | ============================================================
2026-06-04 11:20:02.171 | INFO     | src.main:main:67 | GUI 已启动
2026-06-04 11:20:03.701 | INFO     | src.core.translator:_init_client:89 | 翻译策略: microsoft (降级: google)
2026-06-04 11:20:03.701 | INFO     | src.core.pipeline:initialize:103 | 初始化翻译管道...
2026-06-04 11:20:03.711 | INFO     | src.audio.virtual_device:_linux_create_speaker:60 | 虚拟音频设备 'translator_virtual' 已存在
2026-06-04 11:20:03.712 | INFO     | src.audio.virtual_device:_linux_create_mic_monitor:84 | Monitor 源自动可用: translator_virtual_sink.monitor
2026-06-04 11:20:03.712 | INFO     | src.core.pipeline:initialize:109 | 下载/加载 Whisper 模型（首次需下载 ~140MB）...
2026-06-04 11:20:03.712 | INFO     | src.core.asr_engine:load_model:42 | 加载 Whisper 模型: faster-whisper-small, device=cpu
2026-06-04 11:20:03.713 | INFO     | src.core.asr_engine:load_model:66 |   尝试本地: /home/fiend/WorkSpace/python/translator_intime/models/systran/faster-whisper-small (compute=int8)
2026-06-04 11:20:04.996 | INFO     | src.core.asr_engine:load_model:71 | Whisper 模型加载成功 ✓
2026-06-04 11:20:04.997 | INFO     | src.core.asr_engine:load_model:42 | 加载 Whisper 模型: faster-whisper-small, device=cpu
2026-06-04 11:20:04.997 | INFO     | src.core.asr_engine:load_model:66 |   尝试本地: /home/fiend/WorkSpace/python/translator_intime/models/systran/faster-whisper-small (compute=int8)
2026-06-04 11:20:06.122 | INFO     | src.core.asr_engine:load_model:71 | Whisper 模型加载成功 ✓
2026-06-04 11:20:06.122 | INFO     | src.core.pipeline:initialize:126 | TTS输出: 系统默认扬声器
2026-06-04 11:20:06.122 | INFO     | src.core.pipeline:initialize:128 | 翻译管道初始化完成
2026-06-04 11:20:06.145 | INFO     | src.audio.stream:open_input:186 | 音频输入流已打开 (device=None, sr=16000)
2026-06-04 11:20:06.146 | INFO     | src.audio.stream:open_input:173 | 音频输入: PulseAudio 设备 translator_virtual_sink.monitor
2026-06-04 11:20:06.171 | INFO     | src.audio.stream:open_input:186 | 音频输入流已打开 (device=translator_virtual_sink.monitor, sr=16000)
2026-06-04 11:20:06.171 | INFO     | src.core.pipeline:start:161 | 游戏声音捕获已开启
2026-06-04 11:20:06.172 | INFO     | src.core.pipeline:start:189 | ✅ 双向翻译管道已启动（出站 + 入站）
2026-06-04 11:20:06.172 | INFO     | src.core.pipeline:_outbound_loop:337 | 出站管道(中->外) 启动
2026-06-04 11:20:06.236 | INFO     | src.core.pipeline:_inbound_loop:421 | 入站管道(外->中) 启动
2026-06-04 11:22:38.090 | INFO     | src.utils.logger:setup_logger:31 | 日志系统初始化完成
2026-06-04 11:22:38.090 | INFO     | src.main:main:40 | ============================================================
2026-06-04 11:22:38.090 | INFO     | src.main:main:41 | Translator InTime v0.1.0 启动
2026-06-04 11:22:38.090 | INFO     | src.main:main:42 | 实时游戏语音双向翻译系统
2026-06-04 11:22:38.091 | INFO     | src.main:main:43 | ============================================================
2026-06-04 11:22:38.295 | INFO     | src.main:main:67 | GUI 已启动
2026-06-04 11:22:51.066 | INFO     | src.core.translator:_init_client:89 | 翻译策略: microsoft (降级: google)
2026-06-04 11:22:51.068 | INFO     | src.core.pipeline:initialize:103 | 初始化翻译管道...
2026-06-04 11:22:51.097 | INFO     | src.audio.virtual_device:_linux_create_speaker:60 | 虚拟音频设备 'translator_virtual' 已存在
2026-06-04 11:22:51.098 | INFO     | src.audio.virtual_device:_linux_create_mic_monitor:84 | Monitor 源自动可用: translator_virtual_sink.monitor
2026-06-04 11:22:51.098 | INFO     | src.core.pipeline:initialize:109 | 下载/加载 Whisper 模型（首次需下载 ~140MB）...
2026-06-04 11:22:51.099 | INFO     | src.core.asr_engine:load_model:42 | 加载 Whisper 模型: faster-whisper-small, device=cpu
2026-06-04 11:22:51.102 | INFO     | src.core.asr_engine:load_model:66 |   尝试本地: /home/fiend/WorkSpace/python/translator_intime/models/systran/faster-whisper-small (compute=int8)
2026-06-04 11:22:52.013 | INFO     | src.core.asr_engine:load_model:71 | Whisper 模型加载成功 ✓
2026-06-04 11:22:52.013 | INFO     | src.core.asr_engine:load_model:42 | 加载 Whisper 模型: faster-whisper-small, device=cpu
2026-06-04 11:22:52.014 | INFO     | src.core.asr_engine:load_model:66 |   尝试本地: /home/fiend/WorkSpace/python/translator_intime/models/systran/faster-whisper-small (compute=int8)
2026-06-04 11:22:52.748 | INFO     | src.core.asr_engine:load_model:71 | Whisper 模型加载成功 ✓
2026-06-04 11:22:52.748 | INFO     | src.core.pipeline:initialize:126 | TTS输出: 系统默认扬声器
2026-06-04 11:22:52.748 | INFO     | src.core.pipeline:initialize:128 | 翻译管道初始化完成
2026-06-04 11:22:52.760 | INFO     | src.audio.stream:open_input:186 | 音频输入流已打开 (device=None, sr=16000)
2026-06-04 11:22:52.760 | INFO     | src.audio.stream:open_input:173 | 音频输入: PulseAudio 设备 translator_virtual_sink.monitor
2026-06-04 11:22:52.779 | INFO     | src.audio.stream:open_input:186 | 音频输入流已打开 (device=translator_virtual_sink.monitor, sr=16000)
2026-06-04 11:22:52.779 | INFO     | src.core.pipeline:start:161 | 游戏声音捕获已开启
2026-06-04 11:22:52.780 | INFO     | src.core.pipeline:start:189 | ✅ 双向翻译管道已启动（出站 + 入站）
2026-06-04 11:22:52.780 | INFO     | src.core.pipeline:_outbound_loop:337 | 出站管道(中->外) 启动
2026-06-04 11:22:52.852 | INFO     | src.core.pipeline:_inbound_loop:421 | 入站管道(外->中) 启动
2026-06-04 11:22:52.852 | INFO     | src.core.pipeline:_inbound_loop:435 | 系统音频输入电平 rms=0.00000
2026-06-04 11:22:53.875 | INFO     | src.core.pipeline:_inbound_loop:435 | 系统音频输入电平 rms=0.00000
2026-06-04 11:22:54.899 | INFO     | src.core.pipeline:_inbound_loop:435 | 系统音频输入电平 rms=0.00000
2026-06-04 11:22:55.923 | INFO     | src.core.pipeline:_inbound_loop:435 | 系统音频输入电平 rms=0.00000
2026-06-04 11:22:56.947 | INFO     | src.core.pipeline:_inbound_loop:435 | 系统音频输入电平 rms=0.00000
2026-06-04 11:22:57.971 | INFO     | src.core.pipeline:_inbound_loop:435 | 系统音频输入电平 rms=0.00000
2026-06-04 11:22:58.995 | INFO     | src.core.pipeline:_inbound_loop:435 | 系统音频输入电平 rms=0.00000
2026-06-04 11:23:00.020 | INFO     | src.core.pipeline:_inbound_loop:435 | 系统音频输入电平 rms=0.00000
2026-06-04 11:23:11.369 | INFO     | src.core.translator:_init_client:89 | 翻译策略: microsoft (降级: google)
2026-06-04 11:23:11.370 | INFO     | src.core.pipeline:initialize:103 | 初始化翻译管道...
2026-06-04 11:23:11.376 | INFO     | src.audio.virtual_device:_linux_create_speaker:60 | 虚拟音频设备 'translator_virtual' 已存在
2026-06-04 11:23:11.377 | INFO     | src.audio.virtual_device:_linux_create_mic_monitor:84 | Monitor 源自动可用: translator_virtual_sink.monitor
2026-06-04 11:23:11.377 | INFO     | src.core.pipeline:initialize:109 | 下载/加载 Whisper 模型（首次需下载 ~140MB）...
2026-06-04 11:23:11.377 | INFO     | src.core.asr_engine:load_model:42 | 加载 Whisper 模型: faster-whisper-small, device=cpu
2026-06-04 11:23:11.377 | INFO     | src.core.asr_engine:load_model:66 |   尝试本地: /home/fiend/WorkSpace/python/translator_intime/models/systran/faster-whisper-small (compute=int8)
2026-06-04 11:23:11.940 | INFO     | src.core.asr_engine:load_model:71 | Whisper 模型加载成功 ✓
2026-06-04 11:23:11.940 | INFO     | src.core.asr_engine:load_model:42 | 加载 Whisper 模型: faster-whisper-small, device=cpu
2026-06-04 11:23:11.940 | INFO     | src.core.asr_engine:load_model:66 |   尝试本地: /home/fiend/WorkSpace/python/translator_intime/models/systran/faster-whisper-small (compute=int8)
2026-06-04 11:23:12.536 | INFO     | src.core.asr_engine:load_model:71 | Whisper 模型加载成功 ✓
2026-06-04 11:23:12.536 | INFO     | src.core.pipeline:initialize:126 | TTS输出: 系统默认扬声器
2026-06-04 11:23:12.537 | INFO     | src.core.pipeline:initialize:128 | 翻译管道初始化完成
2026-06-04 11:23:12.548 | INFO     | src.audio.stream:open_input:186 | 音频输入流已打开 (device=None, sr=16000)
2026-06-04 11:23:12.548 | INFO     | src.audio.stream:open_input:173 | 音频输入: PulseAudio 设备 translator_virtual_sink.monitor
2026-06-04 11:23:12.559 | INFO     | src.audio.stream:open_input:186 | 音频输入流已打开 (device=translator_virtual_sink.monitor, sr=16000)
2026-06-04 11:23:12.559 | INFO     | src.core.pipeline:start:161 | 游戏声音捕获已开启
2026-06-04 11:23:12.559 | INFO     | src.core.pipeline:start:189 | ✅ 双向翻译管道已启动（出站 + 入站）
2026-06-04 11:23:12.559 | INFO     | src.core.pipeline:_outbound_loop:337 | 出站管道(中->外) 启动
2026-06-04 11:23:12.606 | INFO     | src.core.pipeline:_inbound_loop:421 | 入站管道(外->中) 启动
2026-06-04 11:23:12.606 | INFO     | src.core.pipeline:_inbound_loop:435 | 系统音频输入电平 rms=0.00000
2026-06-04 11:23:13.630 | INFO     | src.core.pipeline:_inbound_loop:435 | 系统音频输入电平 rms=0.00000
2026-06-04 11:23:23.199 | INFO     | src.core.translator:_init_client:89 | 翻译策略: microsoft (降级: google)
2026-06-04 11:23:23.200 | INFO     | src.core.pipeline:initialize:103 | 初始化翻译管道...
2026-06-04 11:23:23.212 | INFO     | src.audio.virtual_device:_linux_create_speaker:60 | 虚拟音频设备 'translator_virtual' 已存在
2026-06-04 11:23:23.212 | INFO     | src.audio.virtual_device:_linux_create_mic_monitor:84 | Monitor 源自动可用: translator_virtual_sink.monitor
2026-06-04 11:23:23.212 | INFO     | src.core.pipeline:initialize:109 | 下载/加载 Whisper 模型（首次需下载 ~140MB）...
2026-06-04 11:23:23.213 | INFO     | src.core.asr_engine:load_model:42 | 加载 Whisper 模型: faster-whisper-small, device=cpu
2026-06-04 11:23:23.213 | INFO     | src.core.asr_engine:load_model:66 |   尝试本地: /home/fiend/WorkSpace/python/translator_intime/models/systran/faster-whisper-small (compute=int8)
2026-06-04 11:23:23.895 | INFO     | src.core.asr_engine:load_model:71 | Whisper 模型加载成功 ✓
2026-06-04 11:23:23.896 | INFO     | src.core.asr_engine:load_model:42 | 加载 Whisper 模型: faster-whisper-small, device=cpu
2026-06-04 11:23:23.896 | INFO     | src.core.asr_engine:load_model:66 |   尝试本地: /home/fiend/WorkSpace/python/translator_intime/models/systran/faster-whisper-small (compute=int8)
2026-06-04 11:23:24.540 | INFO     | src.core.asr_engine:load_model:71 | Whisper 模型加载成功 ✓
2026-06-04 11:23:24.541 | INFO     | src.core.pipeline:initialize:126 | TTS输出: 系统默认扬声器
2026-06-04 11:23:24.541 | INFO     | src.core.pipeline:initialize:128 | 翻译管道初始化完成
2026-06-04 11:23:24.558 | INFO     | src.audio.stream:open_input:186 | 音频输入流已打开 (device=None, sr=16000)
2026-06-04 11:23:24.558 | INFO     | src.audio.stream:open_input:173 | 音频输入: PulseAudio 设备 translator_virtual_sink.monitor
2026-06-04 11:23:24.570 | INFO     | src.audio.stream:open_input:186 | 音频输入流已打开 (device=translator_virtual_sink.monitor, sr=16000)
2026-06-04 11:23:24.570 | INFO     | src.core.pipeline:start:161 | 游戏声音捕获已开启
2026-06-04 11:23:24.571 | INFO     | src.core.pipeline:start:189 | ✅ 双向翻译管道已启动（出站 + 入站）
2026-06-04 11:23:24.571 | INFO     | src.core.pipeline:_outbound_loop:337 | 出站管道(中->外) 启动
2026-06-04 11:23:24.637 | INFO     | src.core.pipeline:_inbound_loop:421 | 入站管道(外->中) 启动
2026-06-04 11:23:24.637 | INFO     | src.core.pipeline:_inbound_loop:435 | 系统音频输入电平 rms=0.00000
2026-06-04 11:23:25.662 | INFO     | src.core.pipeline:_inbound_loop:435 | 系统音频输入电平 rms=0.00000
2026-06-04 11:23:26.686 | INFO     | src.core.pipeline:_inbound_loop:435 | 系统音频输入电平 rms=0.00000
2026-06-04 11:23:33.722 | INFO     | src.core.translator:_init_client:89 | 翻译策略: microsoft (降级: google)
2026-06-04 11:23:33.723 | INFO     | src.core.pipeline:initialize:103 | 初始化翻译管道...
2026-06-04 11:23:33.751 | INFO     | src.audio.virtual_device:_linux_create_speaker:60 | 虚拟音频设备 'translator_virtual' 已存在
2026-06-04 11:23:33.752 | INFO     | src.audio.virtual_device:_linux_create_mic_monitor:84 | Monitor 源自动可用: translator_virtual_sink.monitor
2026-06-04 11:23:33.752 | INFO     | src.core.pipeline:initialize:109 | 下载/加载 Whisper 模型（首次需下载 ~140MB）...
2026-06-04 11:23:33.753 | INFO     | src.core.asr_engine:load_model:42 | 加载 Whisper 模型: faster-whisper-small, device=cpu
2026-06-04 11:23:33.754 | INFO     | src.core.asr_engine:load_model:66 |   尝试本地: /home/fiend/WorkSpace/python/translator_intime/models/systran/faster-whisper-small (compute=int8)
2026-06-04 11:23:34.452 | INFO     | src.core.asr_engine:load_model:71 | Whisper 模型加载成功 ✓
2026-06-04 11:23:34.453 | INFO     | src.core.asr_engine:load_model:42 | 加载 Whisper 模型: faster-whisper-small, device=cpu
2026-06-04 11:23:34.453 | INFO     | src.core.asr_engine:load_model:66 |   尝试本地: /home/fiend/WorkSpace/python/translator_intime/models/systran/faster-whisper-small (compute=int8)
2026-06-04 11:23:35.143 | INFO     | src.core.asr_engine:load_model:71 | Whisper 模型加载成功 ✓
2026-06-04 11:23:35.143 | INFO     | src.core.pipeline:initialize:126 | TTS输出: 系统默认扬声器
2026-06-04 11:23:35.143 | INFO     | src.core.pipeline:initialize:128 | 翻译管道初始化完成
2026-06-04 11:23:35.156 | INFO     | src.audio.stream:open_input:186 | 音频输入流已打开 (device=None, sr=16000)
2026-06-04 11:23:35.156 | INFO     | src.audio.stream:open_input:173 | 音频输入: PulseAudio 设备 translator_virtual_sink.monitor
2026-06-04 11:23:35.297 | INFO     | src.audio.stream:open_input:186 | 音频输入流已打开 (device=translator_virtual_sink.monitor, sr=16000)
2026-06-04 11:23:35.298 | INFO     | src.core.pipeline:start:161 | 游戏声音捕获已开启
2026-06-04 11:23:35.298 | INFO     | src.core.pipeline:start:189 | ✅ 双向翻译管道已启动（出站 + 入站）
2026-06-04 11:23:35.298 | INFO     | src.core.pipeline:_outbound_loop:337 | 出站管道(中->外) 启动
2026-06-04 11:23:35.299 | INFO     | src.core.pipeline:_inbound_loop:421 | 入站管道(外->中) 启动
2026-06-04 11:23:35.346 | INFO     | src.core.pipeline:_inbound_loop:435 | 系统音频输入电平 rms=0.00000
2026-06-04 11:23:36.370 | INFO     | src.core.pipeline:_inbound_loop:435 | 系统音频输入电平 rms=0.00000
2026-06-04 11:23:37.394 | INFO     | src.core.pipeline:_inbound_loop:435 | 系统音频输入电平 rms=0.00000
2026-06-04 11:23:38.418 | INFO     | src.core.pipeline:_inbound_loop:435 | 系统音频输入电平 rms=0.00000
2026-06-04 11:23:45.002 | INFO     | src.core.translator:_init_client:89 | 翻译策略: microsoft (降级: google)
2026-06-04 11:23:45.003 | INFO     | src.core.pipeline:initialize:103 | 初始化翻译管道...
2026-06-04 11:23:45.021 | INFO     | src.audio.virtual_device:_linux_create_speaker:60 | 虚拟音频设备 'translator_virtual' 已存在
2026-06-04 11:23:45.021 | INFO     | src.audio.virtual_device:_linux_create_mic_monitor:84 | Monitor 源自动可用: translator_virtual_sink.monitor
2026-06-04 11:23:45.021 | INFO     | src.core.pipeline:initialize:109 | 下载/加载 Whisper 模型（首次需下载 ~140MB）...
2026-06-04 11:23:45.022 | INFO     | src.core.asr_engine:load_model:42 | 加载 Whisper 模型: faster-whisper-small, device=cpu
2026-06-04 11:23:45.022 | INFO     | src.core.asr_engine:load_model:66 |   尝试本地: /home/fiend/WorkSpace/python/translator_intime/models/systran/faster-whisper-small (compute=int8)
2026-06-04 11:23:45.714 | INFO     | src.core.asr_engine:load_model:71 | Whisper 模型加载成功 ✓
2026-06-04 11:23:45.715 | INFO     | src.core.asr_engine:load_model:42 | 加载 Whisper 模型: faster-whisper-small, device=cpu
2026-06-04 11:23:45.715 | INFO     | src.core.asr_engine:load_model:66 |   尝试本地: /home/fiend/WorkSpace/python/translator_intime/models/systran/faster-whisper-small (compute=int8)
2026-06-04 11:23:46.345 | INFO     | src.core.asr_engine:load_model:71 | Whisper 模型加载成功 ✓
2026-06-04 11:23:46.345 | INFO     | src.core.pipeline:initialize:126 | TTS输出: 系统默认扬声器
2026-06-04 11:23:46.345 | INFO     | src.core.pipeline:initialize:128 | 翻译管道初始化完成
2026-06-04 11:23:46.362 | INFO     | src.audio.stream:open_input:186 | 音频输入流已打开 (device=None, sr=16000)
2026-06-04 11:23:46.363 | INFO     | src.audio.stream:open_input:173 | 音频输入: PulseAudio 设备 translator_virtual_sink.monitor
2026-06-04 11:23:46.381 | INFO     | src.audio.stream:open_input:186 | 音频输入流已打开 (device=translator_virtual_sink.monitor, sr=16000)
2026-06-04 11:23:46.381 | INFO     | src.core.pipeline:start:161 | 游戏声音捕获已开启
2026-06-04 11:23:46.381 | INFO     | src.core.pipeline:start:189 | ✅ 双向翻译管道已启动（出站 + 入站）
2026-06-04 11:23:46.381 | INFO     | src.core.pipeline:_outbound_loop:337 | 出站管道(中->外) 启动
2026-06-04 11:23:46.439 | INFO     | src.core.pipeline:_inbound_loop:421 | 入站管道(外->中) 启动
2026-06-04 11:23:46.440 | INFO     | src.core.pipeline:_inbound_loop:435 | 系统音频输入电平 rms=0.00000
2026-06-04 11:23:47.464 | INFO     | src.core.pipeline:_inbound_loop:435 | 系统音频输入电平 rms=0.00000
2026-06-04 11:23:54.802 | INFO     | src.core.translator:_init_client:89 | 翻译策略: microsoft (降级: google)
2026-06-04 11:23:54.803 | INFO     | src.core.pipeline:initialize:103 | 初始化翻译管道...
2026-06-04 11:23:54.829 | INFO     | src.audio.virtual_device:_linux_create_speaker:60 | 虚拟音频设备 'translator_virtual' 已存在
2026-06-04 11:23:54.830 | INFO     | src.audio.virtual_device:_linux_create_mic_monitor:84 | Monitor 源自动可用: translator_virtual_sink.monitor
2026-06-04 11:23:54.830 | INFO     | src.core.pipeline:initialize:109 | 下载/加载 Whisper 模型（首次需下载 ~140MB）...
2026-06-04 11:23:54.831 | INFO     | src.core.asr_engine:load_model:42 | 加载 Whisper 模型: faster-whisper-small, device=cpu
2026-06-04 11:23:54.833 | INFO     | src.core.asr_engine:load_model:66 |   尝试本地: /home/fiend/WorkSpace/python/translator_intime/models/systran/faster-whisper-small (compute=int8)
2026-06-04 11:23:55.420 | INFO     | src.core.asr_engine:load_model:71 | Whisper 模型加载成功 ✓
2026-06-04 11:23:55.420 | INFO     | src.core.asr_engine:load_model:42 | 加载 Whisper 模型: faster-whisper-small, device=cpu
2026-06-04 11:23:55.421 | INFO     | src.core.asr_engine:load_model:66 |   尝试本地: /home/fiend/WorkSpace/python/translator_intime/models/systran/faster-whisper-small (compute=int8)
2026-06-04 11:23:56.005 | INFO     | src.core.asr_engine:load_model:71 | Whisper 模型加载成功 ✓
2026-06-04 11:23:56.005 | INFO     | src.core.pipeline:initialize:126 | TTS输出: 系统默认扬声器
2026-06-04 11:23:56.005 | INFO     | src.core.pipeline:initialize:128 | 翻译管道初始化完成
2026-06-04 11:23:56.018 | INFO     | src.audio.stream:open_input:186 | 音频输入流已打开 (device=None, sr=16000)
2026-06-04 11:23:56.018 | INFO     | src.audio.stream:open_input:173 | 音频输入: PulseAudio 设备 translator_virtual_sink.monitor
2026-06-04 11:23:56.030 | INFO     | src.audio.stream:open_input:186 | 音频输入流已打开 (device=translator_virtual_sink.monitor, sr=16000)
2026-06-04 11:23:56.030 | INFO     | src.core.pipeline:start:161 | 游戏声音捕获已开启
2026-06-04 11:23:56.031 | INFO     | src.core.pipeline:start:189 | ✅ 双向翻译管道已启动（出站 + 入站）
2026-06-04 11:23:56.031 | INFO     | src.core.pipeline:_outbound_loop:337 | 出站管道(中->外) 启动
2026-06-04 11:23:56.082 | INFO     | src.core.pipeline:_inbound_loop:421 | 入站管道(外->中) 启动
2026-06-04 11:23:56.082 | INFO     | src.core.pipeline:_inbound_loop:435 | 系统音频输入电平 rms=0.00000
2026-06-04 11:23:57.107 | INFO     | src.core.pipeline:_inbound_loop:435 | 系统音频输入电平 rms=0.00000
2026-06-04 11:24:03.831 | INFO     | src.core.translator:_init_client:89 | 翻译策略: microsoft (降级: google)
2026-06-04 11:24:03.831 | INFO     | src.core.pipeline:initialize:103 | 初始化翻译管道...
2026-06-04 11:24:03.853 | INFO     | src.audio.virtual_device:_linux_create_speaker:60 | 虚拟音频设备 'translator_virtual' 已存在
2026-06-04 11:24:03.853 | INFO     | src.audio.virtual_device:_linux_create_mic_monitor:84 | Monitor 源自动可用: translator_virtual_sink.monitor
2026-06-04 11:24:03.853 | INFO     | src.core.pipeline:initialize:109 | 下载/加载 Whisper 模型（首次需下载 ~140MB）...
2026-06-04 11:24:03.854 | INFO     | src.core.asr_engine:load_model:42 | 加载 Whisper 模型: faster-whisper-small, device=cpu
2026-06-04 11:24:03.855 | INFO     | src.core.asr_engine:load_model:66 |   尝试本地: /home/fiend/WorkSpace/python/translator_intime/models/systran/faster-whisper-small (compute=int8)
2026-06-04 11:24:04.516 | INFO     | src.core.asr_engine:load_model:71 | Whisper 模型加载成功 ✓
2026-06-04 11:24:04.516 | INFO     | src.core.asr_engine:load_model:42 | 加载 Whisper 模型: faster-whisper-small, device=cpu
2026-06-04 11:24:04.516 | INFO     | src.core.asr_engine:load_model:66 |   尝试本地: /home/fiend/WorkSpace/python/translator_intime/models/systran/faster-whisper-small (compute=int8)
2026-06-04 11:24:05.137 | INFO     | src.core.asr_engine:load_model:71 | Whisper 模型加载成功 ✓
2026-06-04 11:24:05.137 | INFO     | src.core.pipeline:initialize:126 | TTS输出: 系统默认扬声器
2026-06-04 11:24:05.137 | INFO     | src.core.pipeline:initialize:128 | 翻译管道初始化完成
2026-06-04 11:24:05.148 | INFO     | src.audio.stream:open_input:186 | 音频输入流已打开 (device=None, sr=16000)
2026-06-04 11:24:05.148 | INFO     | src.audio.stream:open_input:173 | 音频输入: PulseAudio 设备 translator_virtual_sink.monitor
2026-06-04 11:24:05.160 | INFO     | src.audio.stream:open_input:186 | 音频输入流已打开 (device=translator_virtual_sink.monitor, sr=16000)
2026-06-04 11:24:05.160 | INFO     | src.core.pipeline:start:161 | 游戏声音捕获已开启
2026-06-04 11:24:05.160 | INFO     | src.core.pipeline:start:189 | ✅ 双向翻译管道已启动（出站 + 入站）
2026-06-04 11:24:05.161 | INFO     | src.core.pipeline:_outbound_loop:337 | 出站管道(中->外) 启动
2026-06-04 11:24:05.212 | INFO     | src.core.pipeline:_inbound_loop:421 | 入站管道(外->中) 启动
2026-06-04 11:24:05.213 | INFO     | src.core.pipeline:_inbound_loop:435 | 系统音频输入电平 rms=0.00000
2026-06-04 11:24:06.237 | INFO     | src.core.pipeline:_inbound_loop:435 | 系统音频输入电平 rms=0.00000
2026-06-04 11:24:07.261 | INFO     | src.core.pipeline:_inbound_loop:435 | 系统音频输入电平 rms=0.00000
2026-06-04 11:24:29.182 | INFO     | src.core.translator:_init_client:89 | 翻译策略: microsoft (降级: google)
2026-06-04 11:24:29.183 | INFO     | src.core.pipeline:initialize:103 | 初始化翻译管道...
2026-06-04 11:24:29.211 | INFO     | src.audio.virtual_device:_linux_create_speaker:60 | 虚拟音频设备 'translator_virtual' 已存在
2026-06-04 11:24:29.211 | INFO     | src.audio.virtual_device:_linux_create_mic_monitor:84 | Monitor 源自动可用: translator_virtual_sink.monitor
2026-06-04 11:24:29.212 | INFO     | src.core.pipeline:initialize:109 | 下载/加载 Whisper 模型（首次需下载 ~140MB）...
2026-06-04 11:24:29.212 | INFO     | src.core.asr_engine:load_model:42 | 加载 Whisper 模型: faster-whisper-small, device=cpu
2026-06-04 11:24:29.213 | INFO     | src.core.asr_engine:load_model:66 |   尝试本地: /home/fiend/WorkSpace/python/translator_intime/models/systran/faster-whisper-small (compute=int8)
2026-06-04 11:24:29.883 | INFO     | src.core.asr_engine:load_model:71 | Whisper 模型加载成功 ✓
2026-06-04 11:24:29.883 | INFO     | src.core.asr_engine:load_model:42 | 加载 Whisper 模型: faster-whisper-small, device=cpu
2026-06-04 11:24:29.884 | INFO     | src.core.asr_engine:load_model:66 |   尝试本地: /home/fiend/WorkSpace/python/translator_intime/models/systran/faster-whisper-small (compute=int8)
2026-06-04 11:24:30.530 | INFO     | src.core.asr_engine:load_model:71 | Whisper 模型加载成功 ✓
2026-06-04 11:24:30.530 | INFO     | src.core.pipeline:initialize:126 | TTS输出: 系统默认扬声器
2026-06-04 11:24:30.530 | INFO     | src.core.pipeline:initialize:128 | 翻译管道初始化完成
2026-06-04 11:24:30.543 | INFO     | src.audio.stream:open_input:186 | 音频输入流已打开 (device=None, sr=16000)
2026-06-04 11:24:30.543 | INFO     | src.audio.stream:open_input:173 | 音频输入: PulseAudio 设备 translator_virtual_sink.monitor
2026-06-04 11:24:30.554 | INFO     | src.audio.stream:open_input:186 | 音频输入流已打开 (device=translator_virtual_sink.monitor, sr=16000)
2026-06-04 11:24:30.554 | INFO     | src.core.pipeline:start:161 | 游戏声音捕获已开启
2026-06-04 11:24:30.554 | INFO     | src.core.pipeline:start:189 | ✅ 双向翻译管道已启动（出站 + 入站）
2026-06-04 11:24:30.554 | INFO     | src.core.pipeline:_outbound_loop:337 | 出站管道(中->外) 启动
2026-06-04 11:24:30.599 | INFO     | src.core.pipeline:_inbound_loop:421 | 入站管道(外->中) 启动
2026-06-04 11:24:30.600 | INFO     | src.core.pipeline:_inbound_loop:435 | 系统音频输入电平 rms=0.00000
2026-06-04 11:24:31.623 | INFO     | src.core.pipeline:_inbound_loop:435 | 系统音频输入电平 rms=0.00000
2026-06-04 11:24:32.648 | INFO     | src.core.pipeline:_inbound_loop:435 | 系统音频输入电平 rms=0.00000
2026-06-04 11:30:01.452 | INFO     | src.utils.logger:setup_logger:31 | 日志系统初始化完成
2026-06-04 11:30:01.453 | INFO     | src.main:main:40 | ============================================================
2026-06-04 11:30:01.453 | INFO     | src.main:main:41 | Translator InTime v0.1.0 启动
2026-06-04 11:30:01.453 | INFO     | src.main:main:42 | 实时游戏语音双向翻译系统
2026-06-04 11:30:01.453 | INFO     | src.main:main:43 | ============================================================
2026-06-04 11:30:01.695 | INFO     | src.main:main:67 | GUI 已启动
2026-06-04 11:30:08.251 | INFO     | src.core.translator:_init_client:89 | 翻译策略: microsoft (降级: google)
2026-06-04 11:30:08.251 | INFO     | src.core.pipeline:initialize:103 | 初始化翻译管道...
2026-06-04 11:30:08.258 | INFO     | src.audio.virtual_device:_linux_create_speaker:60 | 虚拟音频设备 'translator_virtual' 已存在
2026-06-04 11:30:08.258 | INFO     | src.audio.virtual_device:_linux_create_mic_monitor:84 | Monitor 源自动可用: translator_virtual_sink.monitor
2026-06-04 11:30:08.258 | INFO     | src.core.pipeline:initialize:109 | 下载/加载 Whisper 模型（首次需下载 ~140MB）...
2026-06-04 11:30:08.259 | INFO     | src.core.asr_engine:load_model:42 | 加载 Whisper 模型: faster-whisper-small, device=cpu
2026-06-04 11:30:08.259 | INFO     | src.core.asr_engine:load_model:66 |   尝试本地: /home/fiend/WorkSpace/python/translator_intime/models/systran/faster-whisper-small (compute=int8)
2026-06-04 11:30:09.331 | INFO     | src.core.asr_engine:load_model:71 | Whisper 模型加载成功 ✓
2026-06-04 11:30:09.332 | INFO     | src.core.asr_engine:load_model:42 | 加载 Whisper 模型: faster-whisper-small, device=cpu
2026-06-04 11:30:09.332 | INFO     | src.core.asr_engine:load_model:66 |   尝试本地: /home/fiend/WorkSpace/python/translator_intime/models/systran/faster-whisper-small (compute=int8)
2026-06-04 11:30:10.309 | INFO     | src.core.asr_engine:load_model:71 | Whisper 模型加载成功 ✓
2026-06-04 11:30:10.309 | INFO     | src.core.pipeline:initialize:126 | TTS输出: 系统默认扬声器
2026-06-04 11:30:10.309 | INFO     | src.core.pipeline:initialize:128 | 翻译管道初始化完成
2026-06-04 11:30:10.327 | INFO     | src.audio.stream:open_input:185 | 音频输入流已打开 (device=None, sr=16000)
2026-06-04 11:30:10.366 | INFO     | src.audio.stream:open_input:185 | 音频输入流已打开 (device=21, sr=16000)
2026-06-04 11:30:10.367 | INFO     | src.core.pipeline:start:161 | 游戏声音捕获已开启
2026-06-04 11:30:10.367 | INFO     | src.core.pipeline:start:189 | ✅ 双向翻译管道已启动（出站 + 入站）
2026-06-04 11:30:10.367 | INFO     | src.core.pipeline:_outbound_loop:337 | 出站管道(中->外) 启动
2026-06-04 11:30:10.419 | INFO     | src.core.pipeline:_inbound_loop:421 | 入站管道(外->中) 启动
2026-06-04 11:30:10.419 | INFO     | src.core.pipeline:_inbound_loop:435 | 系统音频输入电平 rms=0.00000
2026-06-04 11:30:11.442 | INFO     | src.core.pipeline:_inbound_loop:435 | 系统音频输入电平 rms=0.00000
2026-06-04 11:30:12.466 | INFO     | src.core.pipeline:_inbound_loop:435 | 系统音频输入电平 rms=0.00000
2026-06-04 11:30:13.490 | INFO     | src.core.pipeline:_inbound_loop:435 | 系统音频输入电平 rms=0.00000
2026-06-04 11:30:14.514 | INFO     | src.core.pipeline:_inbound_loop:435 | 系统音频输入电平 rms=0.00000
2026-06-04 11:30:15.538 | INFO     | src.core.pipeline:_inbound_loop:435 | 系统音频输入电平 rms=0.00000
2026-06-04 11:30:16.562 | INFO     | src.core.pipeline:_inbound_loop:435 | 系统音频输入电平 rms=0.00000
2026-06-04 11:30:17.588 | INFO     | src.core.pipeline:_inbound_loop:435 | 系统音频输入电平 rms=0.00000
2026-06-04 11:30:18.610 | INFO     | src.core.pipeline:_inbound_loop:435 | 系统音频输入电平 rms=0.00000
2026-06-04 11:30:19.634 | INFO     | src.core.pipeline:_inbound_loop:435 | 系统音频输入电平 rms=0.00000
2026-06-04 11:30:20.658 | INFO     | src.core.pipeline:_inbound_loop:435 | 系统音频输入电平 rms=0.00000
2026-06-04 11:30:21.682 | INFO     | src.core.pipeline:_inbound_loop:435 | 系统音频输入电平 rms=0.00000
2026-06-04 11:30:22.706 | INFO     | src.core.pipeline:_inbound_loop:435 | 系统音频输入电平 rms=0.00000
2026-06-04 11:30:23.730 | INFO     | src.core.pipeline:_inbound_loop:435 | 系统音频输入电平 rms=0.00000
2026-06-04 11:33:15.470 | INFO     | src.utils.logger:setup_logger:31 | 日志系统初始化完成
2026-06-04 11:33:15.470 | INFO     | src.main:main:40 | ============================================================
2026-06-04 11:33:15.470 | INFO     | src.main:main:41 | Translator InTime v0.1.0 启动
2026-06-04 11:33:15.470 | INFO     | src.main:main:42 | 实时游戏语音双向翻译系统
2026-06-04 11:33:15.470 | INFO     | src.main:main:43 | ============================================================
2026-06-04 11:33:15.719 | INFO     | src.main:main:67 | GUI 已启动
2026-06-04 11:33:17.413 | INFO     | src.core.translator:_init_client:89 | 翻译策略: microsoft (降级: google)
2026-06-04 11:33:17.413 | INFO     | src.core.pipeline:initialize:103 | 初始化翻译管道...
2026-06-04 11:33:17.419 | INFO     | src.audio.virtual_device:_linux_create_speaker:60 | 虚拟音频设备 'translator_virtual' 已存在
2026-06-04 11:33:17.419 | INFO     | src.audio.virtual_device:_linux_create_mic_monitor:84 | Monitor 源自动可用: translator_virtual_sink.monitor
2026-06-04 11:33:17.419 | INFO     | src.core.pipeline:initialize:109 | 下载/加载 Whisper 模型（首次需下载 ~140MB）...
2026-06-04 11:33:17.420 | INFO     | src.core.asr_engine:load_model:42 | 加载 Whisper 模型: faster-whisper-small, device=cpu
2026-06-04 11:33:17.420 | INFO     | src.core.asr_engine:load_model:66 |   尝试本地: /home/fiend/WorkSpace/python/translator_intime/models/systran/faster-whisper-small (compute=int8)
2026-06-04 11:33:18.330 | INFO     | src.core.asr_engine:load_model:71 | Whisper 模型加载成功 ✓
2026-06-04 11:33:18.330 | INFO     | src.core.asr_engine:load_model:42 | 加载 Whisper 模型: faster-whisper-small, device=cpu
2026-06-04 11:33:18.331 | INFO     | src.core.asr_engine:load_model:66 |   尝试本地: /home/fiend/WorkSpace/python/translator_intime/models/systran/faster-whisper-small (compute=int8)
2026-06-04 11:33:19.053 | INFO     | src.core.asr_engine:load_model:71 | Whisper 模型加载成功 ✓
2026-06-04 11:33:19.053 | INFO     | src.core.pipeline:initialize:126 | TTS输出: 系统默认扬声器
2026-06-04 11:33:19.053 | INFO     | src.core.pipeline:initialize:128 | 翻译管道初始化完成
2026-06-04 11:33:19.065 | INFO     | src.audio.stream:open_input:199 | 音频输入流已打开 (device=None, sr=16000)
2026-06-04 11:33:19.065 | INFO     | src.audio.stream:_open_pulse_input:221 | PulseAudio输入流已打开 (source=translator_virtual_sink.monitor, sr=16000)
2026-06-04 11:33:19.066 | INFO     | src.core.pipeline:start:161 | 游戏声音捕获已开启
2026-06-04 11:33:19.066 | INFO     | src.core.pipeline:start:189 | ✅ 双向翻译管道已启动（出站 + 入站）
2026-06-04 11:33:19.066 | INFO     | src.core.pipeline:_outbound_loop:337 | 出站管道(中->外) 启动
2026-06-04 11:33:19.113 | INFO     | src.core.pipeline:_inbound_loop:421 | 入站管道(外->中) 启动
2026-06-04 11:33:21.045 | INFO     | src.core.pipeline:_inbound_loop:435 | 系统音频输入电平 rms=0.00000
2026-06-04 11:33:22.057 | INFO     | src.core.pipeline:_inbound_loop:435 | 系统音频输入电平 rms=0.00000
2026-06-04 11:33:23.071 | INFO     | src.core.pipeline:_inbound_loop:435 | 系统音频输入电平 rms=0.00000
2026-06-04 11:33:26.093 | DEBUG    | src.core.asr_engine:transcribe:169 | ASR: Thank you for watching
2026-06-04 11:33:27.860 | DEBUG    | src.core.translator:_translate_microsoft:346 | [Microsoft] Thank you for watching... -> 感谢您的观看...
2026-06-04 11:33:27.860 | INFO     | src.core.pipeline:_inbound_loop:435 | 系统音频输入电平 rms=0.10489
2026-06-04 11:33:29.981 | DEBUG    | src.core.asr_engine:transcribe:169 | ASR: Thanks for watching
2026-06-04 11:33:31.017 | DEBUG    | src.core.translator:_translate_microsoft:346 | [Microsoft] Thanks for watching... -> 谢谢观看...
2026-06-04 11:33:31.017 | INFO     | src.core.pipeline:_inbound_loop:435 | 系统音频输入电平 rms=0.01910
2026-06-04 11:33:33.081 | DEBUG    | src.core.asr_engine:transcribe:169 | ASR: Thank you
2026-06-04 11:33:34.259 | DEBUG    | src.core.translator:_translate_microsoft:346 | [Microsoft] Thank you... -> 谢谢...
2026-06-04 11:33:34.260 | INFO     | src.core.pipeline:_inbound_loop:435 | 系统音频输入电平 rms=0.01078
2026-06-04 11:33:36.532 | DEBUG    | src.core.asr_engine:transcribe:169 | ASR: Thank you for watching
2026-06-04 11:33:37.545 | DEBUG    | src.core.translator:_translate_microsoft:346 | [Microsoft] Thank you for watching... -> 感谢您的观看...
2026-06-04 11:33:37.545 | INFO     | src.core.pipeline:_inbound_loop:435 | 系统音频输入电平 rms=0.01575
2026-06-04 11:33:39.683 | DEBUG    | src.core.asr_engine:transcribe:169 | ASR: Thanks for watching
2026-06-04 11:33:40.958 | DEBUG    | src.core.translator:_translate_microsoft:346 | [Microsoft] Thanks for watching... -> 谢谢观看...
2026-06-04 11:33:40.958 | INFO     | src.core.pipeline:_inbound_loop:435 | 系统音频输入电平 rms=0.00270
2026-06-04 11:33:43.532 | DEBUG    | src.core.asr_engine:transcribe:169 | ASR: Thanks for watching
2026-06-04 11:33:44.542 | DEBUG    | src.core.translator:_translate_microsoft:346 | [Microsoft] Thanks for watching... -> 谢谢观看...
2026-06-04 11:33:44.542 | INFO     | src.core.pipeline:_inbound_loop:435 | 系统音频输入电平 rms=0.05353
2026-06-04 11:33:46.563 | DEBUG    | src.core.asr_engine:transcribe:169 | ASR: Thanks for watching
2026-06-04 11:33:47.657 | DEBUG    | src.core.translator:_translate_microsoft:346 | [Microsoft] Thanks for watching... -> 谢谢观看...
2026-06-04 11:33:47.658 | INFO     | src.core.pipeline:_inbound_loop:435 | 系统音频输入电平 rms=0.10224
2026-06-04 11:33:49.722 | DEBUG    | src.core.asr_engine:transcribe:169 | ASR: Thanks for watching
2026-06-04 11:35:23.069 | INFO     | src.utils.logger:setup_logger:31 | 日志系统初始化完成
2026-06-04 11:35:23.069 | INFO     | src.main:main:40 | ============================================================
2026-06-04 11:35:23.070 | INFO     | src.main:main:41 | Translator InTime v0.1.0 启动
2026-06-04 11:35:23.070 | INFO     | src.main:main:42 | 实时游戏语音双向翻译系统
2026-06-04 11:35:23.070 | INFO     | src.main:main:43 | ============================================================
2026-06-04 11:35:23.361 | INFO     | src.main:main:67 | GUI 已启动
2026-06-04 11:35:26.244 | INFO     | src.core.translator:_init_client:96 | 翻译策略: microsoft (降级: google)
2026-06-04 11:35:26.244 | INFO     | src.core.pipeline:initialize:116 | 初始化翻译管道...
2026-06-04 11:35:26.256 | INFO     | src.audio.virtual_device:_linux_create_speaker:60 | 虚拟音频设备 'translator_virtual' 已存在
2026-06-04 11:35:26.256 | INFO     | src.audio.virtual_device:_linux_create_mic_monitor:84 | Monitor 源自动可用: translator_virtual_sink.monitor
2026-06-04 11:35:26.256 | INFO     | src.core.pipeline:initialize:122 | 下载/加载 Whisper 模型（首次需下载 ~140MB）...
2026-06-04 11:35:26.257 | INFO     | src.core.asr_engine:load_model:42 | 加载 Whisper 模型: faster-whisper-small, device=cpu
2026-06-04 11:35:26.257 | INFO     | src.core.asr_engine:load_model:66 |   尝试本地: /home/fiend/WorkSpace/python/translator_intime/models/systran/faster-whisper-small (compute=int8)
2026-06-04 11:35:27.494 | INFO     | src.core.asr_engine:load_model:71 | Whisper 模型加载成功 ✓
2026-06-04 11:35:27.494 | INFO     | src.core.asr_engine:load_model:42 | 加载 Whisper 模型: faster-whisper-small, device=cpu
2026-06-04 11:35:27.495 | INFO     | src.core.asr_engine:load_model:66 |   尝试本地: /home/fiend/WorkSpace/python/translator_intime/models/systran/faster-whisper-small (compute=int8)
2026-06-04 11:35:28.659 | INFO     | src.core.asr_engine:load_model:71 | Whisper 模型加载成功 ✓
2026-06-04 11:35:28.659 | INFO     | src.core.pipeline:initialize:139 | TTS输出: 系统默认扬声器
2026-06-04 11:35:28.659 | INFO     | src.core.pipeline:initialize:141 | 翻译管道初始化完成
2026-06-04 11:35:28.682 | INFO     | src.audio.stream:open_input:199 | 音频输入流已打开 (device=None, sr=16000)
2026-06-04 11:35:28.684 | INFO     | src.audio.stream:_open_pulse_input:221 | PulseAudio输入流已打开 (source=translator_virtual_sink.monitor, sr=16000)
2026-06-04 11:35:28.684 | INFO     | src.core.pipeline:start:174 | 游戏声音捕获已开启
2026-06-04 11:35:28.684 | INFO     | src.core.pipeline:start:202 | ✅ 双向翻译管道已启动（出站 + 入站）
2026-06-04 11:35:28.684 | INFO     | src.core.pipeline:_outbound_loop:350 | 出站管道(中->外) 启动
2026-06-04 11:35:28.732 | INFO     | src.core.pipeline:_inbound_loop:434 | 入站管道(外->中) 启动
2026-06-04 11:35:30.680 | INFO     | src.core.pipeline:_inbound_loop:448 | 系统音频输入电平 rms=0.00000
2026-06-04 11:35:31.681 | INFO     | src.core.pipeline:_inbound_loop:448 | 系统音频输入电平 rms=0.00000
2026-06-04 11:35:32.686 | INFO     | src.core.pipeline:_inbound_loop:448 | 系统音频输入电平 rms=0.00000
2026-06-04 11:35:33.686 | INFO     | src.core.pipeline:_inbound_loop:448 | 系统音频输入电平 rms=0.00000
2026-06-04 11:35:34.691 | INFO     | src.core.pipeline:_inbound_loop:448 | 系统音频输入电平 rms=0.00000
2026-06-04 11:35:35.692 | INFO     | src.core.pipeline:_inbound_loop:448 | 系统音频输入电平 rms=0.00000
2026-06-04 11:35:36.696 | INFO     | src.core.pipeline:_inbound_loop:448 | 系统音频输入电平 rms=0.00000
2026-06-04 11:35:37.697 | INFO     | src.core.pipeline:_inbound_loop:448 | 系统音频输入电平 rms=0.00000
2026-06-04 11:35:38.701 | INFO     | src.core.pipeline:_inbound_loop:448 | 系统音频输入电平 rms=0.00000
2026-06-04 11:35:39.782 | INFO     | src.core.pipeline:_inbound_loop:448 | 系统音频输入电平 rms=0.00000
2026-06-04 11:35:40.849 | INFO     | src.core.pipeline:_inbound_loop:448 | 系统音频输入电平 rms=0.00000
2026-06-04 11:35:41.873 | INFO     | src.core.pipeline:_inbound_loop:448 | 系统音频输入电平 rms=0.00000
2026-06-04 11:35:42.939 | INFO     | src.core.pipeline:_inbound_loop:448 | 系统音频输入电平 rms=0.00000
2026-06-04 11:35:43.963 | INFO     | src.core.pipeline:_inbound_loop:448 | 系统音频输入电平 rms=0.00000
2026-06-04 11:39:51.467 | INFO     | src.core.translator:_init_client:96 | 翻译策略: microsoft (降级: google)
2026-06-04 11:39:51.469 | INFO     | src.core.pipeline:initialize:116 | 初始化翻译管道...
2026-06-04 11:39:51.498 | INFO     | src.audio.virtual_device:_linux_create_speaker:60 | 虚拟音频设备 'translator_virtual' 已存在
2026-06-04 11:39:51.498 | INFO     | src.audio.virtual_device:_linux_create_mic_monitor:84 | Monitor 源自动可用: translator_virtual_sink.monitor
2026-06-04 11:39:51.499 | INFO     | src.core.pipeline:initialize:122 | 下载/加载 Whisper 模型（首次需下载 ~140MB）...
2026-06-04 11:39:51.500 | INFO     | src.core.asr_engine:load_model:42 | 加载 Whisper 模型: faster-whisper-small, device=cpu
2026-06-04 11:39:51.502 | INFO     | src.core.asr_engine:load_model:66 |   尝试本地: /home/fiend/WorkSpace/python/translator_intime/models/systran/faster-whisper-small (compute=int8)
2026-06-04 11:39:52.195 | INFO     | src.core.asr_engine:load_model:71 | Whisper 模型加载成功 ✓
2026-06-04 11:39:52.195 | INFO     | src.core.asr_engine:load_model:42 | 加载 Whisper 模型: faster-whisper-small, device=cpu
2026-06-04 11:39:52.195 | INFO     | src.core.asr_engine:load_model:66 |   尝试本地: /home/fiend/WorkSpace/python/translator_intime/models/systran/faster-whisper-small (compute=int8)
2026-06-04 11:39:52.908 | INFO     | src.core.asr_engine:load_model:71 | Whisper 模型加载成功 ✓
2026-06-04 11:39:52.908 | INFO     | src.core.pipeline:initialize:139 | TTS输出: 系统默认扬声器
2026-06-04 11:39:52.908 | INFO     | src.core.pipeline:initialize:141 | 翻译管道初始化完成
2026-06-04 11:39:52.929 | INFO     | src.audio.stream:open_input:199 | 音频输入流已打开 (device=None, sr=16000)
2026-06-04 11:39:52.929 | INFO     | src.audio.stream:_open_pulse_input:221 | PulseAudio输入流已打开 (source=translator_virtual_sink.monitor, sr=16000)
2026-06-04 11:39:52.929 | INFO     | src.core.pipeline:start:174 | 游戏声音捕获已开启
2026-06-04 11:39:52.929 | INFO     | src.core.pipeline:start:202 | ✅ 双向翻译管道已启动（出站 + 入站）
2026-06-04 11:39:52.930 | INFO     | src.core.pipeline:_outbound_loop:350 | 出站管道(中->外) 启动
2026-06-04 11:39:53.005 | INFO     | src.core.pipeline:_inbound_loop:434 | 入站管道(外->中) 启动
2026-06-04 11:39:54.909 | INFO     | src.core.pipeline:_inbound_loop:448 | 系统音频输入电平 rms=0.00000
2026-06-04 11:39:55.912 | INFO     | src.core.pipeline:_inbound_loop:448 | 系统音频输入电平 rms=0.00000
2026-06-04 11:39:56.914 | INFO     | src.core.pipeline:_inbound_loop:448 | 系统音频输入电平 rms=0.00000
2026-06-04 11:39:57.916 | INFO     | src.core.pipeline:_inbound_loop:448 | 系统音频输入电平 rms=0.00000
2026-06-04 11:39:58.919 | INFO     | src.core.pipeline:_inbound_loop:448 | 系统音频输入电平 rms=0.00000
2026-06-04 11:39:59.923 | INFO     | src.core.pipeline:_inbound_loop:448 | 系统音频输入电平 rms=0.00000
2026-06-04 11:40:00.925 | INFO     | src.core.pipeline:_inbound_loop:448 | 系统音频输入电平 rms=0.00000
2026-06-04 11:40:01.928 | INFO     | src.core.pipeline:_inbound_loop:448 | 系统音频输入电平 rms=0.00000
2026-06-04 11:40:02.931 | INFO     | src.core.pipeline:_inbound_loop:448 | 系统音频输入电平 rms=0.00000
2026-06-04 11:40:05.777 | DEBUG    | src.core.asr_engine:transcribe:169 | ASR: Thank you for watching
2026-06-04 11:40:07.215 | DEBUG    | src.core.translator:_translate_microsoft:355 | [Microsoft] Thank you for watching... -> 感谢您的观看...
2026-06-04 11:40:07.216 | INFO     | src.core.pipeline:_inbound_loop:448 | 系统音频输入电平 rms=0.00242
2026-06-04 11:40:10.255 | DEBUG    | src.core.asr_engine:transcribe:169 | ASR: Thank you for watching
2026-06-04 11:40:11.102 | DEBUG    | src.core.translator:_translate_microsoft:355 | [Microsoft] Thank you for watching... -> 感谢您的观看...
2026-06-04 11:40:11.104 | INFO     | src.core.pipeline:_inbound_loop:448 | 系统音频输入电平 rms=0.13760
2026-06-04 11:40:13.477 | DEBUG    | src.core.asr_engine:transcribe:169 | ASR: Thank you for watching
2026-06-04 13:39:02.523 | INFO     | src.utils.logger:setup_logger:31 | 日志系统初始化完成
2026-06-04 13:39:02.523 | INFO     | src.main:main:40 | ============================================================
2026-06-04 13:39:02.523 | INFO     | src.main:main:41 | Translator InTime v0.1.0 启动
2026-06-04 13:39:02.524 | INFO     | src.main:main:42 | 实时游戏语音双向翻译系统
2026-06-04 13:39:02.524 | INFO     | src.main:main:43 | ============================================================
2026-06-04 13:39:02.830 | INFO     | src.main:main:67 | GUI 已启动
2026-06-04 13:39:05.104 | INFO     | src.core.pipeline:__init__:57 | 火山引擎配置: requested=True, configured=True
2026-06-04 13:39:05.105 | INFO     | src.core.translator:_init_client:105 | 翻译后端: volc (降级: microsoft, google)
2026-06-04 13:39:05.105 | INFO     | src.core.pipeline:initialize:116 | 初始化翻译管道...
2026-06-04 13:39:05.117 | INFO     | src.audio.virtual_device:_linux_create_speaker:60 | 虚拟音频设备 'translator_virtual' 已存在
2026-06-04 13:39:05.117 | INFO     | src.audio.virtual_device:_linux_create_mic_monitor:84 | Monitor 源自动可用: translator_virtual_sink.monitor
2026-06-04 13:39:05.117 | INFO     | src.core.pipeline:initialize:122 | 火山引擎可用，跳过本地 Whisper 模型加载
2026-06-04 13:39:05.117 | INFO     | src.core.pipeline:initialize:132 | TTS输出: 系统默认扬声器
2026-06-04 13:39:05.117 | INFO     | src.core.pipeline:initialize:134 | 翻译管道初始化完成
2026-06-04 13:39:05.151 | INFO     | src.audio.stream:open_input:199 | 音频输入流已打开 (device=None, sr=16000)
2026-06-04 13:39:05.152 | INFO     | src.audio.stream:_open_pulse_input:221 | PulseAudio输入流已打开 (source=translator_virtual_sink.monitor, sr=16000)
2026-06-04 13:39:05.152 | INFO     | src.core.pipeline:start:185 | 游戏声音捕获已开启
2026-06-04 13:39:05.152 | INFO     | src.core.pipeline:start:202 | ✅ 火山引擎双向管道已启动（出站 + 系统音频入站）
2026-06-04 13:39:05.152 | INFO     | src.core.pipeline:_volc_outbound_loop:244 | 火山引擎管道启动
2026-06-04 13:39:05.153 | INFO     | src.core.volc_engine:_build_header_candidates:105 | 火山引擎鉴权模式: 新版 API Key
2026-06-04 13:39:05.153 | INFO     | src.core.volc_engine:connect:181 | 尝试火山引擎鉴权头: 新版 API Key
2026-06-04 13:39:05.155 | INFO     | src.core.pipeline:_volc_inbound_loop:309 | 火山引擎入站管道启动（系统音频→字幕）
2026-06-04 13:39:05.155 | INFO     | src.core.volc_engine:_build_header_candidates:105 | 火山引擎鉴权模式: 新版 API Key
2026-06-04 13:39:05.156 | INFO     | src.core.volc_engine:connect:181 | 尝试火山引擎鉴权头: 新版 API Key
2026-06-04 13:39:05.610 | INFO     | src.core.volc_engine:connect:190 | 火山引擎已连接，X-Tt-Logid=20260604133905D05C81EC5D78346A9BE2
2026-06-04 13:39:05.623 | INFO     | src.core.volc_engine:connect:190 | 火山引擎已连接，X-Tt-Logid=20260604133905D8AE03FD860174B6851C
2026-06-04 13:39:05.666 | INFO     | src.core.volc_engine:_handle_response:284 | 火山引擎会话已启动: 46f56761-fccc-49cd-91ae-572e75e94481
2026-06-04 13:39:05.667 | INFO     | src.core.volc_engine:connect:210 | 火山引擎会话已就绪 (zh→en)
2026-06-04 13:39:05.927 | INFO     | src.core.volc_engine:_handle_response:284 | 火山引擎会话已启动: c708df2e-57cc-4b04-b223-a7f169119ac8
2026-06-04 13:39:05.927 | INFO     | src.core.volc_engine:connect:210 | 火山引擎会话已就绪 (en→zh)
2026-06-04 13:39:07.762 | DEBUG    | src.core.volc_engine:_handle_response:295 | 火山引擎静音片段: 2042ms
2026-06-04 13:39:07.762 | DEBUG    | src.core.volc_engine:_handle_response:295 | 火山引擎静音片段: 2062ms
2026-06-04 13:39:08.786 | DEBUG    | src.core.volc_engine:_handle_response:295 | 火山引擎静音片段: 3062ms
2026-06-04 13:39:08.786 | DEBUG    | src.core.volc_engine:_handle_response:295 | 火山引擎静音片段: 3083ms
2026-06-04 13:39:09.767 | DEBUG    | src.core.volc_engine:_handle_response:295 | 火山引擎静音片段: 4044ms
2026-06-04 13:39:09.767 | DEBUG    | src.core.volc_engine:_handle_response:295 | 火山引擎静音片段: 4064ms
2026-06-04 13:39:10.706 | DEBUG    | src.core.volc_engine:_handle_response:295 | 火山引擎静音片段: 5004ms
2026-06-04 13:39:10.791 | DEBUG    | src.core.volc_engine:_handle_response:295 | 火山引擎静音片段: 5068ms
2026-06-04 13:39:11.773 | DEBUG    | src.core.volc_engine:_handle_response:295 | 火山引擎静音片段: 6051ms
2026-06-04 13:39:11.773 | DEBUG    | src.core.volc_engine:_handle_response:295 | 火山引擎静音片段: 6070ms
2026-06-04 13:39:12.711 | DEBUG    | src.core.volc_engine:_handle_response:295 | 火山引擎静音片段: 7008ms
2026-06-04 13:39:12.797 | DEBUG    | src.core.volc_engine:_handle_response:295 | 火山引擎静音片段: 7076ms
2026-06-04 13:39:13.778 | DEBUG    | src.core.volc_engine:_handle_response:295 | 火山引擎静音片段: 8075ms
2026-06-04 13:39:13.778 | DEBUG    | src.core.volc_engine:_handle_response:295 | 火山引擎静音片段: 8055ms
2026-06-04 13:39:14.717 | DEBUG    | src.core.volc_engine:_handle_response:295 | 火山引擎静音片段: 9014ms
2026-06-04 13:39:14.802 | DEBUG    | src.core.volc_engine:_handle_response:295 | 火山引擎静音片段: 9078ms
2026-06-04 13:39:15.698 | DEBUG    | src.core.volc_engine:_handle_response:295 | 火山引擎静音片段: 10001ms
2026-06-04 13:39:15.783 | DEBUG    | src.core.volc_engine:_handle_response:295 | 火山引擎静音片段: 10076ms
2026-06-04 13:39:16.722 | DEBUG    | src.core.volc_engine:_handle_response:295 | 火山引擎静音片段: 11004ms
2026-06-04 13:39:16.722 | DEBUG    | src.core.volc_engine:_handle_response:295 | 火山引擎静音片段: 11027ms
2026-06-04 13:39:17.703 | DEBUG    | src.core.volc_engine:_handle_response:295 | 火山引擎静音片段: 12004ms
2026-06-04 13:39:17.788 | DEBUG    | src.core.volc_engine:_handle_response:295 | 火山引擎静音片段: 12067ms
2026-06-04 13:39:18.730 | DEBUG    | src.core.volc_engine:_handle_response:295 | 火山引擎静音片段: 13005ms
2026-06-04 13:39:18.732 | DEBUG    | src.core.volc_engine:_handle_response:295 | 火山引擎静音片段: 13025ms
2026-06-04 13:39:19.709 | DEBUG    | src.core.volc_engine:_handle_response:295 | 火山引擎静音片段: 14006ms
2026-06-04 13:39:19.794 | DEBUG    | src.core.volc_engine:_handle_response:295 | 火山引擎静音片段: 14071ms
2026-06-04 13:39:20.733 | DEBUG    | src.core.volc_engine:_handle_response:295 | 火山引擎静音片段: 15010ms
2026-06-04 13:39:20.734 | DEBUG    | src.core.volc_engine:_handle_response:295 | 火山引擎静音片段: 15029ms
2026-06-04 13:39:21.757 | DEBUG    | src.core.volc_engine:_handle_response:295 | 火山引擎静音片段: 16055ms
2026-06-04 13:39:21.758 | DEBUG    | src.core.volc_engine:_handle_response:295 | 火山引擎静音片段: 16038ms
2026-06-04 13:39:22.781 | DEBUG    | src.core.volc_engine:_handle_response:295 | 火山引擎静音片段: 17077ms
2026-06-04 13:39:22.781 | DEBUG    | src.core.volc_engine:_handle_response:295 | 火山引擎静音片段: 17057ms
2026-06-04 13:39:23.719 | DEBUG    | src.core.volc_engine:_handle_response:295 | 火山引擎静音片段: 18017ms
2026-06-04 13:39:23.806 | DEBUG    | src.core.volc_engine:_handle_response:295 | 火山引擎静音片段: 18083ms
2026-06-04 13:39:24.743 | DEBUG    | src.core.volc_engine:_handle_response:295 | 火山引擎静音片段: 19020ms
2026-06-04 13:39:24.743 | DEBUG    | src.core.volc_engine:_handle_response:295 | 火山引擎静音片段: 19042ms
2026-06-04 13:39:25.725 | DEBUG    | src.core.volc_engine:_handle_response:295 | 火山引擎静音片段: 20024ms
2026-06-04 13:39:25.895 | DEBUG    | src.core.volc_engine:_handle_response:295 | 火山引擎静音片段: 20040ms
2026-06-04 13:39:26.748 | DEBUG    | src.core.volc_engine:_handle_response:295 | 火山引擎静音片段: 21046ms
2026-06-04 13:39:26.748 | DEBUG    | src.core.volc_engine:_handle_response:295 | 火山引擎静音片段: 21026ms
2026-06-04 13:39:27.773 | DEBUG    | src.core.volc_engine:_handle_response:295 | 火山引擎静音片段: 22047ms
2026-06-04 13:39:27.773 | DEBUG    | src.core.volc_engine:_handle_response:295 | 火山引擎静音片段: 22070ms
2026-06-04 13:39:28.710 | DEBUG    | src.core.volc_engine:_handle_response:295 | 火山引擎静音片段: 23008ms
2026-06-04 13:39:28.796 | DEBUG    | src.core.volc_engine:_handle_response:295 | 火山引擎静音片段: 23073ms
2026-06-04 13:39:29.777 | DEBUG    | src.core.volc_engine:_handle_response:295 | 火山引擎静音片段: 24053ms
2026-06-04 13:39:29.778 | DEBUG    | src.core.volc_engine:_handle_response:295 | 火山引擎静音片段: 24077ms
2026-06-04 13:39:30.716 | DEBUG    | src.core.volc_engine:_handle_response:295 | 火山引擎静音片段: 25013ms
2026-06-04 13:39:31.740 | DEBUG    | src.core.volc_engine:_handle_response:295 | 火山引擎静音片段: 26042ms
2026-06-04 13:39:32.764 | DEBUG    | src.core.volc_engine:_handle_response:295 | 火山引擎静音片段: 27063ms
2026-06-04 13:39:33.746 | DEBUG    | src.core.volc_engine:_handle_response:295 | 火山引擎静音片段: 28043ms
2026-06-04 13:39:34.769 | DEBUG    | src.core.volc_engine:_handle_response:295 | 火山引擎静音片段: 29075ms
2026-06-04 13:39:35.750 | DEBUG    | src.core.volc_engine:_handle_response:295 | 火山引擎静音片段: 30048ms
2026-06-04 13:39:36.775 | DEBUG    | src.core.volc_engine:_handle_response:295 | 火山引擎静音片段: 31072ms
2026-06-04 13:39:37.757 | DEBUG    | src.core.volc_engine:_handle_response:295 | 火山引擎静音片段: 32055ms
2026-06-04 13:39:38.780 | DEBUG    | src.core.volc_engine:_handle_response:295 | 火山引擎静音片段: 33080ms
2026-06-04 13:39:39.719 | DEBUG    | src.core.volc_engine:_handle_response:295 | 火山引擎静音片段: 34020ms
2026-06-04 13:39:40.742 | DEBUG    | src.core.volc_engine:_handle_response:295 | 火山引擎静音片段: 35040ms
2026-06-04 13:39:41.767 | DEBUG    | src.core.volc_engine:_handle_response:295 | 火山引擎静音片段: 36072ms
2026-06-04 13:39:42.705 | DEBUG    | src.core.volc_engine:_handle_response:295 | 火山引擎静音片段: 37004ms
2026-06-04 13:39:43.772 | DEBUG    | src.core.volc_engine:_handle_response:295 | 火山引擎静音片段: 38073ms
2026-06-04 13:39:44.711 | DEBUG    | src.core.volc_engine:_handle_response:295 | 火山引擎静音片段: 39008ms
2026-06-04 13:39:45.734 | DEBUG    | src.core.volc_engine:_handle_response:295 | 火山引擎静音片段: 40032ms
2026-06-04 13:39:46.758 | DEBUG    | src.core.volc_engine:_handle_response:295 | 火山引擎静音片段: 41056ms
2026-06-04 13:39:47.740 | DEBUG    | src.core.volc_engine:_handle_response:295 | 火山引擎静音片段: 42036ms
2026-06-04 13:39:48.764 | DEBUG    | src.core.volc_engine:_handle_response:295 | 火山引擎静音片段: 43063ms
2026-06-04 13:39:49.745 | DEBUG    | src.core.volc_engine:_handle_response:295 | 火山引擎静音片段: 44041ms
2026-06-04 13:39:50.769 | DEBUG    | src.core.volc_engine:_handle_response:295 | 火山引擎静音片段: 45066ms
2026-06-04 13:39:51.751 | INFO     | src.core.volc_engine:stop:317 | 火山引擎已断开
2026-06-04 13:39:51.751 | INFO     | src.core.volc_engine:stop:317 | 火山引擎已断开
